------------------------------------------------------------
Timing Analyzer Summary
------------------------------------------------------------

Type  : Setup 'clk'
Slack : -7.703
TNS   : -4007.516

Type  : Setup 'sensor_buchas:inst2|rw_data_module:inst14|dffes:SCLK_ff|ff'
Slack : -2.430
TNS   : -37.445

Type  : Hold 'clk'
Slack : 0.674
TNS   : 0.000

Type  : Hold 'sensor_buchas:inst2|rw_data_module:inst14|dffes:SCLK_ff|ff'
Slack : 0.752
TNS   : 0.000

Type  : Recovery 'clk'
Slack : -5.514
TNS   : -479.031

Type  : Recovery 'sensor_buchas:inst2|rw_data_module:inst14|dffes:SCLK_ff|ff'
Slack : -2.044
TNS   : -27.841

Type  : Removal 'clk'
Slack : 1.877
TNS   : 0.000

Type  : Removal 'sensor_buchas:inst2|rw_data_module:inst14|dffes:SCLK_ff|ff'
Slack : 1.985
TNS   : 0.000

Type  : Minimum Pulse Width 'clk'
Slack : -2.289
TNS   : -2.289

Type  : Minimum Pulse Width 'sensor_buchas:inst2|rw_data_module:inst14|dffes:SCLK_ff|ff'
Slack : 0.334
TNS   : 0.000

------------------------------------------------------------
