Info: Starting: Create block symbol file (.bsf)
Info: qsys-generate /home/montrel/QUARTUS_TESTE/ufm_read.qsys --block-symbol-file --output-directory=/home/montrel/QUARTUS_TESTE/ufm_read --family="MAX 10" --part=10M08SCE144C8G
Progress: Loading QUARTUS_TESTE/ufm_read.qsys
Progress: Reading input file
Progress: Adding onchip_flash_0 [altera_onchip_flash 24.1]
Progress: Parameterizing module onchip_flash_0
Progress: Building connections
Progress: Parameterizing connections
Progress: Validating
Progress: Done reading input file
Info: qsys-generate succeeded.
Info: Finished: Create block symbol file (.bsf)
Info: 
Info: Starting: Create HDL design files for synthesis
Info: qsys-generate /home/montrel/QUARTUS_TESTE/ufm_read.qsys --synthesis=VERILOG --output-directory=/home/montrel/QUARTUS_TESTE/ufm_read/synthesis --family="MAX 10" --part=10M08SCE144C8G
Progress: Loading QUARTUS_TESTE/ufm_read.qsys
Progress: Reading input file
Progress: Adding onchip_flash_0 [altera_onchip_flash 24.1]
Progress: Parameterizing module onchip_flash_0
Progress: Building connections
Progress: Parameterizing connections
Progress: Validating
Progress: Done reading input file
Info: ufm_read: Generating "ufm_read" for QUARTUS_SYNTH
Info: onchip_flash_0: Generating top-level entity altera_onchip_flash
Info: onchip_flash_0: "ufm_read" instantiated altera_onchip_flash "onchip_flash_0"
Info: ufm_read: Done "ufm_read" with 2 modules, 5 files
Info: qsys-generate succeeded.
Info: Finished: Create HDL design files for synthesis
