Analysis & Synthesis report for sensor_buchas
Thu Apr 22 22:01:47 2021
Quartus Prime Version 20.1.1 Build 720 11/11/2020 SJ Lite Edition


---------------------
; Table of Contents ;
---------------------
  1. Legal Notice
  2. Analysis & Synthesis Summary
  3. Analysis & Synthesis Settings
  4. Parallel Compilation
  5. Analysis & Synthesis Source Files Read
  6. Analysis & Synthesis Resource Usage Summary
  7. Analysis & Synthesis Resource Utilization by Entity
  8. State Machine - |acquisition_module|acquisition_store:storer|sm
  9. State Machine - |acquisition_module|acquisition_ctrl:ctrl|sm
 10. General Register Statistics
 11. Inverted Register Statistics
 12. Parameter Settings for User Entity Instance: Top-level Entity: |acquisition_module
 13. Parameter Settings for User Entity Instance: acquisition_ctrl:ctrl
 14. Parameter Settings for User Entity Instance: acquisition_ctrl:ctrl|counter:clock_counter
 15. Parameter Settings for User Entity Instance: acquisition_ctrl:ctrl|counter:samples_counter
 16. Parameter Settings for User Entity Instance: acquisition_serializer:serializer
 17. Parameter Settings for User Entity Instance: acquisition_serializer:serializer|counter:count
 18. Parameter Settings for User Entity Instance: acquisition_store:storer|counter:channel_counter
 19. Analysis & Synthesis Messages



----------------
; Legal Notice ;
----------------
Copyright (C) 2020  Intel Corporation. All rights reserved.
Your use of Intel Corporation's design tools, logic functions 
and other software and tools, and any partner logic 
functions, and any output files from any of the foregoing 
(including device programming or simulation files), and any 
associated documentation or information are expressly subject 
to the terms and conditions of the Intel Program License 
Subscription Agreement, the Intel Quartus Prime License Agreement,
the Intel FPGA IP License Agreement, or other applicable license
agreement, including, without limitation, that your use is for
the sole purpose of programming logic devices manufactured by
Intel and sold by Intel or its authorized distributors.  Please
refer to the applicable agreement for further details, at
https://fpgasoftware.intel.com/eula.



+---------------------------------------------------------------------------+
; Analysis & Synthesis Summary                                              ;
+-----------------------------+---------------------------------------------+
; Analysis & Synthesis Status ; Successful - Thu Apr 22 22:01:47 2021       ;
; Quartus Prime Version       ; 20.1.1 Build 720 11/11/2020 SJ Lite Edition ;
; Revision Name               ; sensor_buchas                               ;
; Top-level Entity Name       ; acquisition_module                          ;
; Family                      ; MAX II                                      ;
; Total logic elements        ; 283                                         ;
; Total pins                  ; 44                                          ;
; Total virtual pins          ; 0                                           ;
; UFM blocks                  ; 0 / 1 ( 0 % )                               ;
+-----------------------------+---------------------------------------------+


+------------------------------------------------------------------------------------------------------------+
; Analysis & Synthesis Settings                                                                              ;
+------------------------------------------------------------------+--------------------+--------------------+
; Option                                                           ; Setting            ; Default Value      ;
+------------------------------------------------------------------+--------------------+--------------------+
; Device                                                           ; EPM1270T144C5      ;                    ;
; Top-level entity name                                            ; acquisition_module ; sensor_buchas      ;
; Family name                                                      ; MAX II             ; Cyclone V          ;
; Use smart compilation                                            ; Off                ; Off                ;
; Enable parallel Assembler and Timing Analyzer during compilation ; On                 ; On                 ;
; Enable compact report table                                      ; Off                ; Off                ;
; Restructure Multiplexers                                         ; Auto               ; Auto               ;
; Create Debugging Nodes for IP Cores                              ; Off                ; Off                ;
; Preserve fewer node names                                        ; On                 ; On                 ;
; Intel FPGA IP Evaluation Mode                                    ; Enable             ; Enable             ;
; Verilog Version                                                  ; Verilog_2001       ; Verilog_2001       ;
; VHDL Version                                                     ; VHDL_1993          ; VHDL_1993          ;
; State Machine Processing                                         ; Auto               ; Auto               ;
; Safe State Machine                                               ; Off                ; Off                ;
; Extract Verilog State Machines                                   ; On                 ; On                 ;
; Extract VHDL State Machines                                      ; On                 ; On                 ;
; Ignore Verilog initial constructs                                ; Off                ; Off                ;
; Iteration limit for constant Verilog loops                       ; 5000               ; 5000               ;
; Iteration limit for non-constant Verilog loops                   ; 250                ; 250                ;
; Add Pass-Through Logic to Inferred RAMs                          ; On                 ; On                 ;
; Infer RAMs from Raw Logic                                        ; On                 ; On                 ;
; Parallel Synthesis                                               ; On                 ; On                 ;
; NOT Gate Push-Back                                               ; On                 ; On                 ;
; Power-Up Don't Care                                              ; On                 ; On                 ;
; Remove Redundant Logic Cells                                     ; Off                ; Off                ;
; Remove Duplicate Registers                                       ; On                 ; On                 ;
; Ignore CARRY Buffers                                             ; Off                ; Off                ;
; Ignore CASCADE Buffers                                           ; Off                ; Off                ;
; Ignore GLOBAL Buffers                                            ; Off                ; Off                ;
; Ignore ROW GLOBAL Buffers                                        ; Off                ; Off                ;
; Ignore LCELL Buffers                                             ; Off                ; Off                ;
; Ignore SOFT Buffers                                              ; On                 ; On                 ;
; Limit AHDL Integers to 32 Bits                                   ; Off                ; Off                ;
; Optimization Technique                                           ; Balanced           ; Balanced           ;
; Carry Chain Length                                               ; 70                 ; 70                 ;
; Auto Carry Chains                                                ; On                 ; On                 ;
; Auto Open-Drain Pins                                             ; On                 ; On                 ;
; Perform WYSIWYG Primitive Resynthesis                            ; Off                ; Off                ;
; Auto Shift Register Replacement                                  ; Auto               ; Auto               ;
; Allow Shift Register Merging across Hierarchies                  ; Auto               ; Auto               ;
; Auto Clock Enable Replacement                                    ; On                 ; On                 ;
; Allow Synchronous Control Signals                                ; On                 ; On                 ;
; Force Use of Synchronous Clear Signals                           ; Off                ; Off                ;
; Auto Resource Sharing                                            ; Off                ; Off                ;
; Use LogicLock Constraints during Resource Balancing              ; On                 ; On                 ;
; Ignore translate_off and synthesis_off directives                ; Off                ; Off                ;
; Report Parameter Settings                                        ; On                 ; On                 ;
; Report Source Assignments                                        ; On                 ; On                 ;
; Report Connectivity Checks                                       ; On                 ; On                 ;
; Ignore Maximum Fan-Out Assignments                               ; Off                ; Off                ;
; Synchronization Register Chain Length                            ; 2                  ; 2                  ;
; Power Optimization During Synthesis                              ; Normal compilation ; Normal compilation ;
; HDL message level                                                ; Level2             ; Level2             ;
; Suppress Register Optimization Related Messages                  ; Off                ; Off                ;
; Number of Removed Registers Reported in Synthesis Report         ; 5000               ; 5000               ;
; Number of Swept Nodes Reported in Synthesis Report               ; 5000               ; 5000               ;
; Number of Inverted Registers Reported in Synthesis Report        ; 100                ; 100                ;
; Clock MUX Protection                                             ; On                 ; On                 ;
; Block Design Naming                                              ; Auto               ; Auto               ;
; Synthesis Effort                                                 ; Auto               ; Auto               ;
; Shift Register Replacement - Allow Asynchronous Clear Signal     ; On                 ; On                 ;
; Analysis & Synthesis Message Level                               ; Medium             ; Medium             ;
; Disable Register Merging Across Hierarchies                      ; Auto               ; Auto               ;
+------------------------------------------------------------------+--------------------+--------------------+


+------------------------------------------+
; Parallel Compilation                     ;
+----------------------------+-------------+
; Processors                 ; Number      ;
+----------------------------+-------------+
; Number detected on machine ; 2           ;
; Maximum allowed            ; 2           ;
;                            ;             ;
; Average used               ; 1.00        ;
; Maximum used               ; 1           ;
;                            ;             ;
; Usage by Processor         ; % Time Used ;
;     Processor 1            ; 100.0%      ;
+----------------------------+-------------+


+--------------------------------------------------------------------------------------------------------------------------------------+
; Analysis & Synthesis Source Files Read                                                                                               ;
+----------------------------------+-----------------+------------------------+----------------------------------------------+---------+
; File Name with User-Entered Path ; Used in Netlist ; File Type              ; File Name with Absolute Path                 ; Library ;
+----------------------------------+-----------------+------------------------+----------------------------------------------+---------+
; crc16.v                          ; yes             ; User Verilog HDL File  ; C:/SensorBuchasV2/crc16.v                    ;         ;
; modes.inc                        ; yes             ; User Unspecified File  ; C:/SensorBuchasV2/modes.inc                  ;         ;
; dffes.tdf                        ; yes             ; User AHDL File         ; C:/SensorBuchasV2/dffes.tdf                  ;         ;
; counter.tdf                      ; yes             ; User AHDL File         ; C:/SensorBuchasV2/counter.tdf                ;         ;
; acquisition_store.tdf            ; yes             ; User AHDL File         ; C:/SensorBuchasV2/acquisition_store.tdf      ;         ;
; acquisition_serializer.tdf       ; yes             ; User AHDL File         ; C:/SensorBuchasV2/acquisition_serializer.tdf ;         ;
; acquisition_module.tdf           ; yes             ; User AHDL File         ; C:/SensorBuchasV2/acquisition_module.tdf     ;         ;
; acquisition_ctrl.tdf             ; yes             ; User AHDL File         ; C:/SensorBuchasV2/acquisition_ctrl.tdf       ;         ;
; dffes.inc                        ; yes             ; Auto-Found AHDL File   ; C:/SensorBuchasV2/dffes.inc                  ;         ;
; counter.inc                      ; yes             ; Auto-Found AHDL File   ; C:/SensorBuchasV2/counter.inc                ;         ;
; acquisition_ctrl.inc             ; yes             ; Auto-Found AHDL File   ; C:/SensorBuchasV2/acquisition_ctrl.inc       ;         ;
; acquisition_serializer.inc       ; yes             ; Auto-Found AHDL File   ; C:/SensorBuchasV2/acquisition_serializer.inc ;         ;
; acquisition_store.inc            ; yes             ; Auto-Found AHDL File   ; C:/SensorBuchasV2/acquisition_store.inc      ;         ;
; crc16.inc                        ; yes             ; Auto-Found AHDL File   ; C:/SensorBuchasV2/crc16.inc                  ;         ;
+----------------------------------+-----------------+------------------------+----------------------------------------------+---------+


+-----------------------------------------------------+
; Analysis & Synthesis Resource Usage Summary         ;
+---------------------------------------------+-------+
; Resource                                    ; Usage ;
+---------------------------------------------+-------+
; Total logic elements                        ; 283   ;
;     -- Combinational with no register       ; 125   ;
;     -- Register only                        ; 103   ;
;     -- Combinational with a register        ; 55    ;
;                                             ;       ;
; Logic element usage by number of LUT inputs ;       ;
;     -- 4 input functions                    ; 92    ;
;     -- 3 input functions                    ; 51    ;
;     -- 2 input functions                    ; 31    ;
;     -- 1 input functions                    ; 6     ;
;     -- 0 input functions                    ; 0     ;
;                                             ;       ;
; Logic elements by mode                      ;       ;
;     -- normal mode                          ; 273   ;
;     -- arithmetic mode                      ; 10    ;
;     -- qfbk mode                            ; 0     ;
;     -- register cascade mode                ; 0     ;
;     -- synchronous clear/load mode          ; 17    ;
;     -- asynchronous clear/load mode         ; 31    ;
;                                             ;       ;
; Total registers                             ; 158   ;
; Total logic cells in carry chains           ; 12    ;
; I/O pins                                    ; 44    ;
; Maximum fan-out node                        ; clk   ;
; Maximum fan-out                             ; 158   ;
; Total fan-out                               ; 1043  ;
; Average fan-out                             ; 3.19  ;
+---------------------------------------------+-------+


+----------------------------------------------------------------------------------------------------------------------------------------------------------------------------------------------------------------------------------------------------------------------------------------------------------------------+
; Analysis & Synthesis Resource Utilization by Entity                                                                                                                                                                                                                                                                  ;
+----------------------------------------+-------------+--------------+------------+------+--------------+--------------+-------------------+------------------+-----------------+------------+--------------------------------------------------------------------------------+------------------------+--------------+
; Compilation Hierarchy Node             ; Logic Cells ; LC Registers ; UFM Blocks ; Pins ; Virtual Pins ; LUT-Only LCs ; Register-Only LCs ; LUT/Register LCs ; Carry Chain LCs ; Packed LCs ; Full Hierarchy Name                                                            ; Entity Name            ; Library Name ;
+----------------------------------------+-------------+--------------+------------+------+--------------+--------------+-------------------+------------------+-----------------+------------+--------------------------------------------------------------------------------+------------------------+--------------+
; |acquisition_module                    ; 283 (3)     ; 158          ; 0          ; 44   ; 0            ; 125 (3)      ; 103 (0)           ; 55 (0)           ; 12 (0)          ; 0 (0)      ; |acquisition_module                                                            ; acquisition_module     ; work         ;
;    |acquisition_ctrl:ctrl|             ; 38 (19)     ; 24           ; 0          ; 0    ; 0            ; 14 (11)      ; 0 (0)             ; 24 (8)           ; 8 (0)           ; 0 (0)      ; |acquisition_module|acquisition_ctrl:ctrl                                      ; acquisition_ctrl       ; work         ;
;       |counter:clock_counter|          ; 10 (10)     ; 9            ; 0          ; 0    ; 0            ; 1 (1)        ; 0 (0)             ; 9 (9)            ; 8 (8)           ; 0 (0)      ; |acquisition_module|acquisition_ctrl:ctrl|counter:clock_counter                ; counter                ; work         ;
;       |counter:samples_counter|        ; 4 (4)       ; 2            ; 0          ; 0    ; 0            ; 2 (2)        ; 0 (0)             ; 2 (2)            ; 0 (0)           ; 0 (0)      ; |acquisition_module|acquisition_ctrl:ctrl|counter:samples_counter              ; counter                ; work         ;
;       |dffes:busy_ff|                  ; 1 (1)       ; 1            ; 0          ; 0    ; 0            ; 0 (0)        ; 0 (0)             ; 1 (1)            ; 0 (0)           ; 0 (0)      ; |acquisition_module|acquisition_ctrl:ctrl|dffes:busy_ff                        ; dffes                  ; work         ;
;       |dffes:convst_ff|                ; 1 (1)       ; 1            ; 0          ; 0    ; 0            ; 0 (0)        ; 0 (0)             ; 1 (1)            ; 0 (0)           ; 0 (0)      ; |acquisition_module|acquisition_ctrl:ctrl|dffes:convst_ff                      ; dffes                  ; work         ;
;       |dffes:serialize_ff|             ; 1 (1)       ; 1            ; 0          ; 0    ; 0            ; 0 (0)        ; 0 (0)             ; 1 (1)            ; 0 (0)           ; 0 (0)      ; |acquisition_module|acquisition_ctrl:ctrl|dffes:serialize_ff                   ; dffes                  ; work         ;
;       |dffes:store_crc_ff|             ; 1 (1)       ; 1            ; 0          ; 0    ; 0            ; 0 (0)        ; 0 (0)             ; 1 (1)            ; 0 (0)           ; 0 (0)      ; |acquisition_module|acquisition_ctrl:ctrl|dffes:store_crc_ff                   ; dffes                  ; work         ;
;       |dffes:store_ff|                 ; 1 (1)       ; 1            ; 0          ; 0    ; 0            ; 0 (0)        ; 0 (0)             ; 1 (1)            ; 0 (0)           ; 0 (0)      ; |acquisition_module|acquisition_ctrl:ctrl|dffes:store_ff                       ; dffes                  ; work         ;
;    |acquisition_serializer:serializer| ; 196 (83)    ; 103          ; 0          ; 0    ; 0            ; 93 (83)      ; 96 (0)            ; 7 (0)            ; 4 (0)           ; 0 (0)      ; |acquisition_module|acquisition_serializer:serializer                          ; acquisition_serializer ; work         ;
;       |counter:count|                  ; 15 (15)     ; 5            ; 0          ; 0    ; 0            ; 10 (10)      ; 0 (0)             ; 5 (5)            ; 4 (4)           ; 0 (0)      ; |acquisition_module|acquisition_serializer:serializer|counter:count            ; counter                ; work         ;
;       |dffes:data_buffer[0][0]|        ; 1 (1)       ; 1            ; 0          ; 0    ; 0            ; 0 (0)        ; 1 (1)             ; 0 (0)            ; 0 (0)           ; 0 (0)      ; |acquisition_module|acquisition_serializer:serializer|dffes:data_buffer[0][0]  ; dffes                  ; work         ;
;       |dffes:data_buffer[0][10]|       ; 1 (1)       ; 1            ; 0          ; 0    ; 0            ; 0 (0)        ; 1 (1)             ; 0 (0)            ; 0 (0)           ; 0 (0)      ; |acquisition_module|acquisition_serializer:serializer|dffes:data_buffer[0][10] ; dffes                  ; work         ;
;       |dffes:data_buffer[0][11]|       ; 1 (1)       ; 1            ; 0          ; 0    ; 0            ; 0 (0)        ; 1 (1)             ; 0 (0)            ; 0 (0)           ; 0 (0)      ; |acquisition_module|acquisition_serializer:serializer|dffes:data_buffer[0][11] ; dffes                  ; work         ;
;       |dffes:data_buffer[0][12]|       ; 1 (1)       ; 1            ; 0          ; 0    ; 0            ; 0 (0)        ; 1 (1)             ; 0 (0)            ; 0 (0)           ; 0 (0)      ; |acquisition_module|acquisition_serializer:serializer|dffes:data_buffer[0][12] ; dffes                  ; work         ;
;       |dffes:data_buffer[0][13]|       ; 1 (1)       ; 1            ; 0          ; 0    ; 0            ; 0 (0)        ; 1 (1)             ; 0 (0)            ; 0 (0)           ; 0 (0)      ; |acquisition_module|acquisition_serializer:serializer|dffes:data_buffer[0][13] ; dffes                  ; work         ;
;       |dffes:data_buffer[0][14]|       ; 1 (1)       ; 1            ; 0          ; 0    ; 0            ; 0 (0)        ; 1 (1)             ; 0 (0)            ; 0 (0)           ; 0 (0)      ; |acquisition_module|acquisition_serializer:serializer|dffes:data_buffer[0][14] ; dffes                  ; work         ;
;       |dffes:data_buffer[0][15]|       ; 1 (1)       ; 1            ; 0          ; 0    ; 0            ; 0 (0)        ; 1 (1)             ; 0 (0)            ; 0 (0)           ; 0 (0)      ; |acquisition_module|acquisition_serializer:serializer|dffes:data_buffer[0][15] ; dffes                  ; work         ;
;       |dffes:data_buffer[0][1]|        ; 1 (1)       ; 1            ; 0          ; 0    ; 0            ; 0 (0)        ; 1 (1)             ; 0 (0)            ; 0 (0)           ; 0 (0)      ; |acquisition_module|acquisition_serializer:serializer|dffes:data_buffer[0][1]  ; dffes                  ; work         ;
;       |dffes:data_buffer[0][2]|        ; 1 (1)       ; 1            ; 0          ; 0    ; 0            ; 0 (0)        ; 1 (1)             ; 0 (0)            ; 0 (0)           ; 0 (0)      ; |acquisition_module|acquisition_serializer:serializer|dffes:data_buffer[0][2]  ; dffes                  ; work         ;
;       |dffes:data_buffer[0][3]|        ; 1 (1)       ; 1            ; 0          ; 0    ; 0            ; 0 (0)        ; 1 (1)             ; 0 (0)            ; 0 (0)           ; 0 (0)      ; |acquisition_module|acquisition_serializer:serializer|dffes:data_buffer[0][3]  ; dffes                  ; work         ;
;       |dffes:data_buffer[0][4]|        ; 1 (1)       ; 1            ; 0          ; 0    ; 0            ; 0 (0)        ; 1 (1)             ; 0 (0)            ; 0 (0)           ; 0 (0)      ; |acquisition_module|acquisition_serializer:serializer|dffes:data_buffer[0][4]  ; dffes                  ; work         ;
;       |dffes:data_buffer[0][5]|        ; 1 (1)       ; 1            ; 0          ; 0    ; 0            ; 0 (0)        ; 1 (1)             ; 0 (0)            ; 0 (0)           ; 0 (0)      ; |acquisition_module|acquisition_serializer:serializer|dffes:data_buffer[0][5]  ; dffes                  ; work         ;
;       |dffes:data_buffer[0][6]|        ; 1 (1)       ; 1            ; 0          ; 0    ; 0            ; 0 (0)        ; 1 (1)             ; 0 (0)            ; 0 (0)           ; 0 (0)      ; |acquisition_module|acquisition_serializer:serializer|dffes:data_buffer[0][6]  ; dffes                  ; work         ;
;       |dffes:data_buffer[0][7]|        ; 1 (1)       ; 1            ; 0          ; 0    ; 0            ; 0 (0)        ; 1 (1)             ; 0 (0)            ; 0 (0)           ; 0 (0)      ; |acquisition_module|acquisition_serializer:serializer|dffes:data_buffer[0][7]  ; dffes                  ; work         ;
;       |dffes:data_buffer[0][8]|        ; 1 (1)       ; 1            ; 0          ; 0    ; 0            ; 0 (0)        ; 1 (1)             ; 0 (0)            ; 0 (0)           ; 0 (0)      ; |acquisition_module|acquisition_serializer:serializer|dffes:data_buffer[0][8]  ; dffes                  ; work         ;
;       |dffes:data_buffer[0][9]|        ; 1 (1)       ; 1            ; 0          ; 0    ; 0            ; 0 (0)        ; 1 (1)             ; 0 (0)            ; 0 (0)           ; 0 (0)      ; |acquisition_module|acquisition_serializer:serializer|dffes:data_buffer[0][9]  ; dffes                  ; work         ;
;       |dffes:data_buffer[1][0]|        ; 1 (1)       ; 1            ; 0          ; 0    ; 0            ; 0 (0)        ; 1 (1)             ; 0 (0)            ; 0 (0)           ; 0 (0)      ; |acquisition_module|acquisition_serializer:serializer|dffes:data_buffer[1][0]  ; dffes                  ; work         ;
;       |dffes:data_buffer[1][10]|       ; 1 (1)       ; 1            ; 0          ; 0    ; 0            ; 0 (0)        ; 1 (1)             ; 0 (0)            ; 0 (0)           ; 0 (0)      ; |acquisition_module|acquisition_serializer:serializer|dffes:data_buffer[1][10] ; dffes                  ; work         ;
;       |dffes:data_buffer[1][11]|       ; 1 (1)       ; 1            ; 0          ; 0    ; 0            ; 0 (0)        ; 1 (1)             ; 0 (0)            ; 0 (0)           ; 0 (0)      ; |acquisition_module|acquisition_serializer:serializer|dffes:data_buffer[1][11] ; dffes                  ; work         ;
;       |dffes:data_buffer[1][12]|       ; 1 (1)       ; 1            ; 0          ; 0    ; 0            ; 0 (0)        ; 1 (1)             ; 0 (0)            ; 0 (0)           ; 0 (0)      ; |acquisition_module|acquisition_serializer:serializer|dffes:data_buffer[1][12] ; dffes                  ; work         ;
;       |dffes:data_buffer[1][13]|       ; 1 (1)       ; 1            ; 0          ; 0    ; 0            ; 0 (0)        ; 1 (1)             ; 0 (0)            ; 0 (0)           ; 0 (0)      ; |acquisition_module|acquisition_serializer:serializer|dffes:data_buffer[1][13] ; dffes                  ; work         ;
;       |dffes:data_buffer[1][14]|       ; 1 (1)       ; 1            ; 0          ; 0    ; 0            ; 0 (0)        ; 1 (1)             ; 0 (0)            ; 0 (0)           ; 0 (0)      ; |acquisition_module|acquisition_serializer:serializer|dffes:data_buffer[1][14] ; dffes                  ; work         ;
;       |dffes:data_buffer[1][15]|       ; 1 (1)       ; 1            ; 0          ; 0    ; 0            ; 0 (0)        ; 1 (1)             ; 0 (0)            ; 0 (0)           ; 0 (0)      ; |acquisition_module|acquisition_serializer:serializer|dffes:data_buffer[1][15] ; dffes                  ; work         ;
;       |dffes:data_buffer[1][1]|        ; 1 (1)       ; 1            ; 0          ; 0    ; 0            ; 0 (0)        ; 1 (1)             ; 0 (0)            ; 0 (0)           ; 0 (0)      ; |acquisition_module|acquisition_serializer:serializer|dffes:data_buffer[1][1]  ; dffes                  ; work         ;
;       |dffes:data_buffer[1][2]|        ; 1 (1)       ; 1            ; 0          ; 0    ; 0            ; 0 (0)        ; 1 (1)             ; 0 (0)            ; 0 (0)           ; 0 (0)      ; |acquisition_module|acquisition_serializer:serializer|dffes:data_buffer[1][2]  ; dffes                  ; work         ;
;       |dffes:data_buffer[1][3]|        ; 1 (1)       ; 1            ; 0          ; 0    ; 0            ; 0 (0)        ; 1 (1)             ; 0 (0)            ; 0 (0)           ; 0 (0)      ; |acquisition_module|acquisition_serializer:serializer|dffes:data_buffer[1][3]  ; dffes                  ; work         ;
;       |dffes:data_buffer[1][4]|        ; 1 (1)       ; 1            ; 0          ; 0    ; 0            ; 0 (0)        ; 1 (1)             ; 0 (0)            ; 0 (0)           ; 0 (0)      ; |acquisition_module|acquisition_serializer:serializer|dffes:data_buffer[1][4]  ; dffes                  ; work         ;
;       |dffes:data_buffer[1][5]|        ; 1 (1)       ; 1            ; 0          ; 0    ; 0            ; 0 (0)        ; 1 (1)             ; 0 (0)            ; 0 (0)           ; 0 (0)      ; |acquisition_module|acquisition_serializer:serializer|dffes:data_buffer[1][5]  ; dffes                  ; work         ;
;       |dffes:data_buffer[1][6]|        ; 1 (1)       ; 1            ; 0          ; 0    ; 0            ; 0 (0)        ; 1 (1)             ; 0 (0)            ; 0 (0)           ; 0 (0)      ; |acquisition_module|acquisition_serializer:serializer|dffes:data_buffer[1][6]  ; dffes                  ; work         ;
;       |dffes:data_buffer[1][7]|        ; 1 (1)       ; 1            ; 0          ; 0    ; 0            ; 0 (0)        ; 1 (1)             ; 0 (0)            ; 0 (0)           ; 0 (0)      ; |acquisition_module|acquisition_serializer:serializer|dffes:data_buffer[1][7]  ; dffes                  ; work         ;
;       |dffes:data_buffer[1][8]|        ; 1 (1)       ; 1            ; 0          ; 0    ; 0            ; 0 (0)        ; 1 (1)             ; 0 (0)            ; 0 (0)           ; 0 (0)      ; |acquisition_module|acquisition_serializer:serializer|dffes:data_buffer[1][8]  ; dffes                  ; work         ;
;       |dffes:data_buffer[1][9]|        ; 1 (1)       ; 1            ; 0          ; 0    ; 0            ; 0 (0)        ; 1 (1)             ; 0 (0)            ; 0 (0)           ; 0 (0)      ; |acquisition_module|acquisition_serializer:serializer|dffes:data_buffer[1][9]  ; dffes                  ; work         ;
;       |dffes:data_buffer[2][0]|        ; 1 (1)       ; 1            ; 0          ; 0    ; 0            ; 0 (0)        ; 1 (1)             ; 0 (0)            ; 0 (0)           ; 0 (0)      ; |acquisition_module|acquisition_serializer:serializer|dffes:data_buffer[2][0]  ; dffes                  ; work         ;
;       |dffes:data_buffer[2][10]|       ; 1 (1)       ; 1            ; 0          ; 0    ; 0            ; 0 (0)        ; 1 (1)             ; 0 (0)            ; 0 (0)           ; 0 (0)      ; |acquisition_module|acquisition_serializer:serializer|dffes:data_buffer[2][10] ; dffes                  ; work         ;
;       |dffes:data_buffer[2][11]|       ; 1 (1)       ; 1            ; 0          ; 0    ; 0            ; 0 (0)        ; 1 (1)             ; 0 (0)            ; 0 (0)           ; 0 (0)      ; |acquisition_module|acquisition_serializer:serializer|dffes:data_buffer[2][11] ; dffes                  ; work         ;
;       |dffes:data_buffer[2][12]|       ; 1 (1)       ; 1            ; 0          ; 0    ; 0            ; 0 (0)        ; 1 (1)             ; 0 (0)            ; 0 (0)           ; 0 (0)      ; |acquisition_module|acquisition_serializer:serializer|dffes:data_buffer[2][12] ; dffes                  ; work         ;
;       |dffes:data_buffer[2][13]|       ; 1 (1)       ; 1            ; 0          ; 0    ; 0            ; 0 (0)        ; 1 (1)             ; 0 (0)            ; 0 (0)           ; 0 (0)      ; |acquisition_module|acquisition_serializer:serializer|dffes:data_buffer[2][13] ; dffes                  ; work         ;
;       |dffes:data_buffer[2][14]|       ; 1 (1)       ; 1            ; 0          ; 0    ; 0            ; 0 (0)        ; 1 (1)             ; 0 (0)            ; 0 (0)           ; 0 (0)      ; |acquisition_module|acquisition_serializer:serializer|dffes:data_buffer[2][14] ; dffes                  ; work         ;
;       |dffes:data_buffer[2][15]|       ; 1 (1)       ; 1            ; 0          ; 0    ; 0            ; 0 (0)        ; 1 (1)             ; 0 (0)            ; 0 (0)           ; 0 (0)      ; |acquisition_module|acquisition_serializer:serializer|dffes:data_buffer[2][15] ; dffes                  ; work         ;
;       |dffes:data_buffer[2][1]|        ; 1 (1)       ; 1            ; 0          ; 0    ; 0            ; 0 (0)        ; 1 (1)             ; 0 (0)            ; 0 (0)           ; 0 (0)      ; |acquisition_module|acquisition_serializer:serializer|dffes:data_buffer[2][1]  ; dffes                  ; work         ;
;       |dffes:data_buffer[2][2]|        ; 1 (1)       ; 1            ; 0          ; 0    ; 0            ; 0 (0)        ; 1 (1)             ; 0 (0)            ; 0 (0)           ; 0 (0)      ; |acquisition_module|acquisition_serializer:serializer|dffes:data_buffer[2][2]  ; dffes                  ; work         ;
;       |dffes:data_buffer[2][3]|        ; 1 (1)       ; 1            ; 0          ; 0    ; 0            ; 0 (0)        ; 1 (1)             ; 0 (0)            ; 0 (0)           ; 0 (0)      ; |acquisition_module|acquisition_serializer:serializer|dffes:data_buffer[2][3]  ; dffes                  ; work         ;
;       |dffes:data_buffer[2][4]|        ; 1 (1)       ; 1            ; 0          ; 0    ; 0            ; 0 (0)        ; 1 (1)             ; 0 (0)            ; 0 (0)           ; 0 (0)      ; |acquisition_module|acquisition_serializer:serializer|dffes:data_buffer[2][4]  ; dffes                  ; work         ;
;       |dffes:data_buffer[2][5]|        ; 1 (1)       ; 1            ; 0          ; 0    ; 0            ; 0 (0)        ; 1 (1)             ; 0 (0)            ; 0 (0)           ; 0 (0)      ; |acquisition_module|acquisition_serializer:serializer|dffes:data_buffer[2][5]  ; dffes                  ; work         ;
;       |dffes:data_buffer[2][6]|        ; 1 (1)       ; 1            ; 0          ; 0    ; 0            ; 0 (0)        ; 1 (1)             ; 0 (0)            ; 0 (0)           ; 0 (0)      ; |acquisition_module|acquisition_serializer:serializer|dffes:data_buffer[2][6]  ; dffes                  ; work         ;
;       |dffes:data_buffer[2][7]|        ; 1 (1)       ; 1            ; 0          ; 0    ; 0            ; 0 (0)        ; 1 (1)             ; 0 (0)            ; 0 (0)           ; 0 (0)      ; |acquisition_module|acquisition_serializer:serializer|dffes:data_buffer[2][7]  ; dffes                  ; work         ;
;       |dffes:data_buffer[2][8]|        ; 1 (1)       ; 1            ; 0          ; 0    ; 0            ; 0 (0)        ; 1 (1)             ; 0 (0)            ; 0 (0)           ; 0 (0)      ; |acquisition_module|acquisition_serializer:serializer|dffes:data_buffer[2][8]  ; dffes                  ; work         ;
;       |dffes:data_buffer[2][9]|        ; 1 (1)       ; 1            ; 0          ; 0    ; 0            ; 0 (0)        ; 1 (1)             ; 0 (0)            ; 0 (0)           ; 0 (0)      ; |acquisition_module|acquisition_serializer:serializer|dffes:data_buffer[2][9]  ; dffes                  ; work         ;
;       |dffes:data_buffer[3][0]|        ; 1 (1)       ; 1            ; 0          ; 0    ; 0            ; 0 (0)        ; 1 (1)             ; 0 (0)            ; 0 (0)           ; 0 (0)      ; |acquisition_module|acquisition_serializer:serializer|dffes:data_buffer[3][0]  ; dffes                  ; work         ;
;       |dffes:data_buffer[3][10]|       ; 1 (1)       ; 1            ; 0          ; 0    ; 0            ; 0 (0)        ; 1 (1)             ; 0 (0)            ; 0 (0)           ; 0 (0)      ; |acquisition_module|acquisition_serializer:serializer|dffes:data_buffer[3][10] ; dffes                  ; work         ;
;       |dffes:data_buffer[3][11]|       ; 1 (1)       ; 1            ; 0          ; 0    ; 0            ; 0 (0)        ; 1 (1)             ; 0 (0)            ; 0 (0)           ; 0 (0)      ; |acquisition_module|acquisition_serializer:serializer|dffes:data_buffer[3][11] ; dffes                  ; work         ;
;       |dffes:data_buffer[3][12]|       ; 1 (1)       ; 1            ; 0          ; 0    ; 0            ; 0 (0)        ; 1 (1)             ; 0 (0)            ; 0 (0)           ; 0 (0)      ; |acquisition_module|acquisition_serializer:serializer|dffes:data_buffer[3][12] ; dffes                  ; work         ;
;       |dffes:data_buffer[3][13]|       ; 1 (1)       ; 1            ; 0          ; 0    ; 0            ; 0 (0)        ; 1 (1)             ; 0 (0)            ; 0 (0)           ; 0 (0)      ; |acquisition_module|acquisition_serializer:serializer|dffes:data_buffer[3][13] ; dffes                  ; work         ;
;       |dffes:data_buffer[3][14]|       ; 1 (1)       ; 1            ; 0          ; 0    ; 0            ; 0 (0)        ; 1 (1)             ; 0 (0)            ; 0 (0)           ; 0 (0)      ; |acquisition_module|acquisition_serializer:serializer|dffes:data_buffer[3][14] ; dffes                  ; work         ;
;       |dffes:data_buffer[3][15]|       ; 1 (1)       ; 1            ; 0          ; 0    ; 0            ; 0 (0)        ; 1 (1)             ; 0 (0)            ; 0 (0)           ; 0 (0)      ; |acquisition_module|acquisition_serializer:serializer|dffes:data_buffer[3][15] ; dffes                  ; work         ;
;       |dffes:data_buffer[3][1]|        ; 1 (1)       ; 1            ; 0          ; 0    ; 0            ; 0 (0)        ; 1 (1)             ; 0 (0)            ; 0 (0)           ; 0 (0)      ; |acquisition_module|acquisition_serializer:serializer|dffes:data_buffer[3][1]  ; dffes                  ; work         ;
;       |dffes:data_buffer[3][2]|        ; 1 (1)       ; 1            ; 0          ; 0    ; 0            ; 0 (0)        ; 1 (1)             ; 0 (0)            ; 0 (0)           ; 0 (0)      ; |acquisition_module|acquisition_serializer:serializer|dffes:data_buffer[3][2]  ; dffes                  ; work         ;
;       |dffes:data_buffer[3][3]|        ; 1 (1)       ; 1            ; 0          ; 0    ; 0            ; 0 (0)        ; 1 (1)             ; 0 (0)            ; 0 (0)           ; 0 (0)      ; |acquisition_module|acquisition_serializer:serializer|dffes:data_buffer[3][3]  ; dffes                  ; work         ;
;       |dffes:data_buffer[3][4]|        ; 1 (1)       ; 1            ; 0          ; 0    ; 0            ; 0 (0)        ; 1 (1)             ; 0 (0)            ; 0 (0)           ; 0 (0)      ; |acquisition_module|acquisition_serializer:serializer|dffes:data_buffer[3][4]  ; dffes                  ; work         ;
;       |dffes:data_buffer[3][5]|        ; 1 (1)       ; 1            ; 0          ; 0    ; 0            ; 0 (0)        ; 1 (1)             ; 0 (0)            ; 0 (0)           ; 0 (0)      ; |acquisition_module|acquisition_serializer:serializer|dffes:data_buffer[3][5]  ; dffes                  ; work         ;
;       |dffes:data_buffer[3][6]|        ; 1 (1)       ; 1            ; 0          ; 0    ; 0            ; 0 (0)        ; 1 (1)             ; 0 (0)            ; 0 (0)           ; 0 (0)      ; |acquisition_module|acquisition_serializer:serializer|dffes:data_buffer[3][6]  ; dffes                  ; work         ;
;       |dffes:data_buffer[3][7]|        ; 1 (1)       ; 1            ; 0          ; 0    ; 0            ; 0 (0)        ; 1 (1)             ; 0 (0)            ; 0 (0)           ; 0 (0)      ; |acquisition_module|acquisition_serializer:serializer|dffes:data_buffer[3][7]  ; dffes                  ; work         ;
;       |dffes:data_buffer[3][8]|        ; 1 (1)       ; 1            ; 0          ; 0    ; 0            ; 0 (0)        ; 1 (1)             ; 0 (0)            ; 0 (0)           ; 0 (0)      ; |acquisition_module|acquisition_serializer:serializer|dffes:data_buffer[3][8]  ; dffes                  ; work         ;
;       |dffes:data_buffer[3][9]|        ; 1 (1)       ; 1            ; 0          ; 0    ; 0            ; 0 (0)        ; 1 (1)             ; 0 (0)            ; 0 (0)           ; 0 (0)      ; |acquisition_module|acquisition_serializer:serializer|dffes:data_buffer[3][9]  ; dffes                  ; work         ;
;       |dffes:data_buffer[4][0]|        ; 1 (1)       ; 1            ; 0          ; 0    ; 0            ; 0 (0)        ; 1 (1)             ; 0 (0)            ; 0 (0)           ; 0 (0)      ; |acquisition_module|acquisition_serializer:serializer|dffes:data_buffer[4][0]  ; dffes                  ; work         ;
;       |dffes:data_buffer[4][10]|       ; 1 (1)       ; 1            ; 0          ; 0    ; 0            ; 0 (0)        ; 1 (1)             ; 0 (0)            ; 0 (0)           ; 0 (0)      ; |acquisition_module|acquisition_serializer:serializer|dffes:data_buffer[4][10] ; dffes                  ; work         ;
;       |dffes:data_buffer[4][11]|       ; 1 (1)       ; 1            ; 0          ; 0    ; 0            ; 0 (0)        ; 1 (1)             ; 0 (0)            ; 0 (0)           ; 0 (0)      ; |acquisition_module|acquisition_serializer:serializer|dffes:data_buffer[4][11] ; dffes                  ; work         ;
;       |dffes:data_buffer[4][12]|       ; 1 (1)       ; 1            ; 0          ; 0    ; 0            ; 0 (0)        ; 1 (1)             ; 0 (0)            ; 0 (0)           ; 0 (0)      ; |acquisition_module|acquisition_serializer:serializer|dffes:data_buffer[4][12] ; dffes                  ; work         ;
;       |dffes:data_buffer[4][13]|       ; 1 (1)       ; 1            ; 0          ; 0    ; 0            ; 0 (0)        ; 1 (1)             ; 0 (0)            ; 0 (0)           ; 0 (0)      ; |acquisition_module|acquisition_serializer:serializer|dffes:data_buffer[4][13] ; dffes                  ; work         ;
;       |dffes:data_buffer[4][14]|       ; 1 (1)       ; 1            ; 0          ; 0    ; 0            ; 0 (0)        ; 1 (1)             ; 0 (0)            ; 0 (0)           ; 0 (0)      ; |acquisition_module|acquisition_serializer:serializer|dffes:data_buffer[4][14] ; dffes                  ; work         ;
;       |dffes:data_buffer[4][15]|       ; 1 (1)       ; 1            ; 0          ; 0    ; 0            ; 0 (0)        ; 1 (1)             ; 0 (0)            ; 0 (0)           ; 0 (0)      ; |acquisition_module|acquisition_serializer:serializer|dffes:data_buffer[4][15] ; dffes                  ; work         ;
;       |dffes:data_buffer[4][1]|        ; 1 (1)       ; 1            ; 0          ; 0    ; 0            ; 0 (0)        ; 1 (1)             ; 0 (0)            ; 0 (0)           ; 0 (0)      ; |acquisition_module|acquisition_serializer:serializer|dffes:data_buffer[4][1]  ; dffes                  ; work         ;
;       |dffes:data_buffer[4][2]|        ; 1 (1)       ; 1            ; 0          ; 0    ; 0            ; 0 (0)        ; 1 (1)             ; 0 (0)            ; 0 (0)           ; 0 (0)      ; |acquisition_module|acquisition_serializer:serializer|dffes:data_buffer[4][2]  ; dffes                  ; work         ;
;       |dffes:data_buffer[4][3]|        ; 1 (1)       ; 1            ; 0          ; 0    ; 0            ; 0 (0)        ; 1 (1)             ; 0 (0)            ; 0 (0)           ; 0 (0)      ; |acquisition_module|acquisition_serializer:serializer|dffes:data_buffer[4][3]  ; dffes                  ; work         ;
;       |dffes:data_buffer[4][4]|        ; 1 (1)       ; 1            ; 0          ; 0    ; 0            ; 0 (0)        ; 1 (1)             ; 0 (0)            ; 0 (0)           ; 0 (0)      ; |acquisition_module|acquisition_serializer:serializer|dffes:data_buffer[4][4]  ; dffes                  ; work         ;
;       |dffes:data_buffer[4][5]|        ; 1 (1)       ; 1            ; 0          ; 0    ; 0            ; 0 (0)        ; 1 (1)             ; 0 (0)            ; 0 (0)           ; 0 (0)      ; |acquisition_module|acquisition_serializer:serializer|dffes:data_buffer[4][5]  ; dffes                  ; work         ;
;       |dffes:data_buffer[4][6]|        ; 1 (1)       ; 1            ; 0          ; 0    ; 0            ; 0 (0)        ; 1 (1)             ; 0 (0)            ; 0 (0)           ; 0 (0)      ; |acquisition_module|acquisition_serializer:serializer|dffes:data_buffer[4][6]  ; dffes                  ; work         ;
;       |dffes:data_buffer[4][7]|        ; 1 (1)       ; 1            ; 0          ; 0    ; 0            ; 0 (0)        ; 1 (1)             ; 0 (0)            ; 0 (0)           ; 0 (0)      ; |acquisition_module|acquisition_serializer:serializer|dffes:data_buffer[4][7]  ; dffes                  ; work         ;
;       |dffes:data_buffer[4][8]|        ; 1 (1)       ; 1            ; 0          ; 0    ; 0            ; 0 (0)        ; 1 (1)             ; 0 (0)            ; 0 (0)           ; 0 (0)      ; |acquisition_module|acquisition_serializer:serializer|dffes:data_buffer[4][8]  ; dffes                  ; work         ;
;       |dffes:data_buffer[4][9]|        ; 1 (1)       ; 1            ; 0          ; 0    ; 0            ; 0 (0)        ; 1 (1)             ; 0 (0)            ; 0 (0)           ; 0 (0)      ; |acquisition_module|acquisition_serializer:serializer|dffes:data_buffer[4][9]  ; dffes                  ; work         ;
;       |dffes:data_buffer[5][0]|        ; 1 (1)       ; 1            ; 0          ; 0    ; 0            ; 0 (0)        ; 1 (1)             ; 0 (0)            ; 0 (0)           ; 0 (0)      ; |acquisition_module|acquisition_serializer:serializer|dffes:data_buffer[5][0]  ; dffes                  ; work         ;
;       |dffes:data_buffer[5][10]|       ; 1 (1)       ; 1            ; 0          ; 0    ; 0            ; 0 (0)        ; 1 (1)             ; 0 (0)            ; 0 (0)           ; 0 (0)      ; |acquisition_module|acquisition_serializer:serializer|dffes:data_buffer[5][10] ; dffes                  ; work         ;
;       |dffes:data_buffer[5][11]|       ; 1 (1)       ; 1            ; 0          ; 0    ; 0            ; 0 (0)        ; 1 (1)             ; 0 (0)            ; 0 (0)           ; 0 (0)      ; |acquisition_module|acquisition_serializer:serializer|dffes:data_buffer[5][11] ; dffes                  ; work         ;
;       |dffes:data_buffer[5][12]|       ; 1 (1)       ; 1            ; 0          ; 0    ; 0            ; 0 (0)        ; 1 (1)             ; 0 (0)            ; 0 (0)           ; 0 (0)      ; |acquisition_module|acquisition_serializer:serializer|dffes:data_buffer[5][12] ; dffes                  ; work         ;
;       |dffes:data_buffer[5][13]|       ; 1 (1)       ; 1            ; 0          ; 0    ; 0            ; 0 (0)        ; 1 (1)             ; 0 (0)            ; 0 (0)           ; 0 (0)      ; |acquisition_module|acquisition_serializer:serializer|dffes:data_buffer[5][13] ; dffes                  ; work         ;
;       |dffes:data_buffer[5][14]|       ; 1 (1)       ; 1            ; 0          ; 0    ; 0            ; 0 (0)        ; 1 (1)             ; 0 (0)            ; 0 (0)           ; 0 (0)      ; |acquisition_module|acquisition_serializer:serializer|dffes:data_buffer[5][14] ; dffes                  ; work         ;
;       |dffes:data_buffer[5][15]|       ; 1 (1)       ; 1            ; 0          ; 0    ; 0            ; 0 (0)        ; 1 (1)             ; 0 (0)            ; 0 (0)           ; 0 (0)      ; |acquisition_module|acquisition_serializer:serializer|dffes:data_buffer[5][15] ; dffes                  ; work         ;
;       |dffes:data_buffer[5][1]|        ; 1 (1)       ; 1            ; 0          ; 0    ; 0            ; 0 (0)        ; 1 (1)             ; 0 (0)            ; 0 (0)           ; 0 (0)      ; |acquisition_module|acquisition_serializer:serializer|dffes:data_buffer[5][1]  ; dffes                  ; work         ;
;       |dffes:data_buffer[5][2]|        ; 1 (1)       ; 1            ; 0          ; 0    ; 0            ; 0 (0)        ; 1 (1)             ; 0 (0)            ; 0 (0)           ; 0 (0)      ; |acquisition_module|acquisition_serializer:serializer|dffes:data_buffer[5][2]  ; dffes                  ; work         ;
;       |dffes:data_buffer[5][3]|        ; 1 (1)       ; 1            ; 0          ; 0    ; 0            ; 0 (0)        ; 1 (1)             ; 0 (0)            ; 0 (0)           ; 0 (0)      ; |acquisition_module|acquisition_serializer:serializer|dffes:data_buffer[5][3]  ; dffes                  ; work         ;
;       |dffes:data_buffer[5][4]|        ; 1 (1)       ; 1            ; 0          ; 0    ; 0            ; 0 (0)        ; 1 (1)             ; 0 (0)            ; 0 (0)           ; 0 (0)      ; |acquisition_module|acquisition_serializer:serializer|dffes:data_buffer[5][4]  ; dffes                  ; work         ;
;       |dffes:data_buffer[5][5]|        ; 1 (1)       ; 1            ; 0          ; 0    ; 0            ; 0 (0)        ; 1 (1)             ; 0 (0)            ; 0 (0)           ; 0 (0)      ; |acquisition_module|acquisition_serializer:serializer|dffes:data_buffer[5][5]  ; dffes                  ; work         ;
;       |dffes:data_buffer[5][6]|        ; 1 (1)       ; 1            ; 0          ; 0    ; 0            ; 0 (0)        ; 1 (1)             ; 0 (0)            ; 0 (0)           ; 0 (0)      ; |acquisition_module|acquisition_serializer:serializer|dffes:data_buffer[5][6]  ; dffes                  ; work         ;
;       |dffes:data_buffer[5][7]|        ; 1 (1)       ; 1            ; 0          ; 0    ; 0            ; 0 (0)        ; 1 (1)             ; 0 (0)            ; 0 (0)           ; 0 (0)      ; |acquisition_module|acquisition_serializer:serializer|dffes:data_buffer[5][7]  ; dffes                  ; work         ;
;       |dffes:data_buffer[5][8]|        ; 1 (1)       ; 1            ; 0          ; 0    ; 0            ; 0 (0)        ; 1 (1)             ; 0 (0)            ; 0 (0)           ; 0 (0)      ; |acquisition_module|acquisition_serializer:serializer|dffes:data_buffer[5][8]  ; dffes                  ; work         ;
;       |dffes:data_buffer[5][9]|        ; 1 (1)       ; 1            ; 0          ; 0    ; 0            ; 0 (0)        ; 1 (1)             ; 0 (0)            ; 0 (0)           ; 0 (0)      ; |acquisition_module|acquisition_serializer:serializer|dffes:data_buffer[5][9]  ; dffes                  ; work         ;
;       |dffes:div2_clock|               ; 1 (1)       ; 1            ; 0          ; 0    ; 0            ; 0 (0)        ; 0 (0)             ; 1 (1)            ; 0 (0)           ; 0 (0)      ; |acquisition_module|acquisition_serializer:serializer|dffes:div2_clock         ; dffes                  ; work         ;
;       |dffes:serialize_ok_ff|          ; 1 (1)       ; 1            ; 0          ; 0    ; 0            ; 0 (0)        ; 0 (0)             ; 1 (1)            ; 0 (0)           ; 0 (0)      ; |acquisition_module|acquisition_serializer:serializer|dffes:serialize_ok_ff    ; dffes                  ; work         ;
;    |acquisition_store:storer|          ; 25 (14)     ; 14           ; 0          ; 0    ; 0            ; 11 (7)       ; 6 (4)             ; 8 (3)            ; 0 (0)           ; 0 (0)      ; |acquisition_module|acquisition_store:storer                                   ; acquisition_store      ; work         ;
;       |counter:channel_counter|        ; 8 (8)       ; 4            ; 0          ; 0    ; 0            ; 4 (4)        ; 0 (0)             ; 4 (4)            ; 0 (0)           ; 0 (0)      ; |acquisition_module|acquisition_store:storer|counter:channel_counter           ; counter                ; work         ;
;       |dffes:cs_n_ff|                  ; 1 (1)       ; 1            ; 0          ; 0    ; 0            ; 0 (0)        ; 1 (1)             ; 0 (0)            ; 0 (0)           ; 0 (0)      ; |acquisition_module|acquisition_store:storer|dffes:cs_n_ff                     ; dffes                  ; work         ;
;       |dffes:data_bus_out_ff|          ; 1 (1)       ; 1            ; 0          ; 0    ; 0            ; 0 (0)        ; 1 (1)             ; 0 (0)            ; 0 (0)           ; 0 (0)      ; |acquisition_module|acquisition_store:storer|dffes:data_bus_out_ff             ; dffes                  ; work         ;
;       |dffes:we_n_ff|                  ; 1 (1)       ; 1            ; 0          ; 0    ; 0            ; 0 (0)        ; 0 (0)             ; 1 (1)            ; 0 (0)           ; 0 (0)      ; |acquisition_module|acquisition_store:storer|dffes:we_n_ff                     ; dffes                  ; work         ;
;    |crc16:crc|                         ; 20 (20)     ; 16           ; 0          ; 0    ; 0            ; 4 (4)        ; 0 (0)             ; 16 (16)          ; 0 (0)           ; 0 (0)      ; |acquisition_module|crc16:crc                                                  ; crc16                  ; work         ;
;    |dffes:start_ff|                    ; 1 (1)       ; 1            ; 0          ; 0    ; 0            ; 0 (0)        ; 1 (1)             ; 0 (0)            ; 0 (0)           ; 0 (0)      ; |acquisition_module|dffes:start_ff                                             ; dffes                  ; work         ;
+----------------------------------------+-------------+--------------+------------+------+--------------+--------------+-------------------+------------------+-----------------+------------+--------------------------------------------------------------------------------+------------------------+--------------+
Note: For table entries with two numbers listed, the numbers in parentheses indicate the number of resources of the given type used by the specific entity alone. The numbers listed outside of parentheses indicate the total resources of the given type used by the specific entity and all of its sub-entities in the hierarchy.


Encoding Type:  One-Hot
+-------------------------------------------------------------------------------+
; State Machine - |acquisition_module|acquisition_store:storer|sm               ;
+-------------+----------+-------------+------+------+------+------+------------+
; Name        ; WAIT_END ; INC_CHANNEL ; CS1b ; CS0b ; CS0a ; CS1a ; WAIT_STORE ;
+-------------+----------+-------------+------+------+------+------+------------+
; WAIT_STORE  ; 0        ; 0           ; 0    ; 0    ; 0    ; 0    ; 0          ;
; CS1a        ; 0        ; 0           ; 0    ; 0    ; 0    ; 1    ; 1          ;
; CS0a        ; 0        ; 0           ; 0    ; 0    ; 1    ; 0    ; 1          ;
; CS0b        ; 0        ; 0           ; 0    ; 1    ; 0    ; 0    ; 1          ;
; CS1b        ; 0        ; 0           ; 1    ; 0    ; 0    ; 0    ; 1          ;
; INC_CHANNEL ; 0        ; 1           ; 0    ; 0    ; 0    ; 0    ; 1          ;
; WAIT_END    ; 1        ; 0           ; 0    ; 0    ; 0    ; 0    ; 1          ;
+-------------+----------+-------------+------+------+------+------+------------+


Encoding Type:  One-Hot
+---------------------------------------------------------------------------------------------------------------------------------------------------------+
; State Machine - |acquisition_module|acquisition_ctrl:ctrl|sm                                                                                            ;
+----------------------+-------------+----------------------+---------+-------------+------------+---------------+--------------------+-------------------+
; Name                 ; STORING_CRC ; WAITING_END_OF_CYCLE ; STORING ; SERIALIZING ; WAIT_STATE ; AQUISITIONING ; WAITING_START_HIGH ; WAITING_START_LOW ;
+----------------------+-------------+----------------------+---------+-------------+------------+---------------+--------------------+-------------------+
; WAITING_START_LOW    ; 0           ; 0                    ; 0       ; 0           ; 0          ; 0             ; 0                  ; 0                 ;
; WAITING_START_HIGH   ; 0           ; 0                    ; 0       ; 0           ; 0          ; 0             ; 1                  ; 1                 ;
; AQUISITIONING        ; 0           ; 0                    ; 0       ; 0           ; 0          ; 1             ; 0                  ; 1                 ;
; WAIT_STATE           ; 0           ; 0                    ; 0       ; 0           ; 1          ; 0             ; 0                  ; 1                 ;
; SERIALIZING          ; 0           ; 0                    ; 0       ; 1           ; 0          ; 0             ; 0                  ; 1                 ;
; STORING              ; 0           ; 0                    ; 1       ; 0           ; 0          ; 0             ; 0                  ; 1                 ;
; WAITING_END_OF_CYCLE ; 0           ; 1                    ; 0       ; 0           ; 0          ; 0             ; 0                  ; 1                 ;
; STORING_CRC          ; 1           ; 0                    ; 0       ; 0           ; 0          ; 0             ; 0                  ; 1                 ;
+----------------------+-------------+----------------------+---------+-------------+------------+---------------+--------------------+-------------------+


+------------------------------------------------------+
; General Register Statistics                          ;
+----------------------------------------------+-------+
; Statistic                                    ; Value ;
+----------------------------------------------+-------+
; Total registers                              ; 158   ;
; Number of registers using Synchronous Clear  ; 15    ;
; Number of registers using Synchronous Load   ; 2     ;
; Number of registers using Asynchronous Clear ; 31    ;
; Number of registers using Asynchronous Load  ; 0     ;
; Number of registers using Clock Enable       ; 113   ;
; Number of registers using Preset             ; 0     ;
+----------------------------------------------+-------+


+---------------------------------------------------+
; Inverted Register Statistics                      ;
+-----------------------------------------+---------+
; Inverted Register                       ; Fan out ;
+-----------------------------------------+---------+
; crc16:crc|lfsr_q[0]                     ; 2       ;
; crc16:crc|lfsr_q[1]                     ; 2       ;
; crc16:crc|lfsr_q[2]                     ; 2       ;
; crc16:crc|lfsr_q[3]                     ; 2       ;
; crc16:crc|lfsr_q[4]                     ; 2       ;
; crc16:crc|lfsr_q[5]                     ; 2       ;
; crc16:crc|lfsr_q[6]                     ; 2       ;
; crc16:crc|lfsr_q[7]                     ; 2       ;
; crc16:crc|lfsr_q[8]                     ; 2       ;
; crc16:crc|lfsr_q[9]                     ; 2       ;
; crc16:crc|lfsr_q[10]                    ; 2       ;
; crc16:crc|lfsr_q[11]                    ; 2       ;
; crc16:crc|lfsr_q[12]                    ; 4       ;
; crc16:crc|lfsr_q[13]                    ; 4       ;
; crc16:crc|lfsr_q[14]                    ; 4       ;
; crc16:crc|lfsr_q[15]                    ; 4       ;
; Total number of inverted registers = 16 ;         ;
+-----------------------------------------+---------+


+------------------------------------------------------------------------------------+
; Parameter Settings for User Entity Instance: Top-level Entity: |acquisition_module ;
+----------------+-------+-----------------------------------------------------------+
; Parameter Name ; Value ; Type                                                      ;
+----------------+-------+-----------------------------------------------------------+
; samples        ; 3     ; Untyped                                                   ;
+----------------+-------+-----------------------------------------------------------+
Note: In order to hide this table in the UI and the text report file, please set the "Show Parameter Settings in Synthesis Report" option in "Analysis and Synthesis Settings -> More Settings" to "Off".


+--------------------------------------------------------------------+
; Parameter Settings for User Entity Instance: acquisition_ctrl:ctrl ;
+----------------+-------+-------------------------------------------+
; Parameter Name ; Value ; Type                                      ;
+----------------+-------+-------------------------------------------+
; active_period  ; 68    ; Untyped                                   ;
; period         ; 463   ; Untyped                                   ;
; samples        ; 3     ; Untyped                                   ;
+----------------+-------+-------------------------------------------+
Note: In order to hide this table in the UI and the text report file, please set the "Show Parameter Settings in Synthesis Report" option in "Analysis and Synthesis Settings -> More Settings" to "Off".


+------------------------------------------------------------------------------------------+
; Parameter Settings for User Entity Instance: acquisition_ctrl:ctrl|counter:clock_counter ;
+----------------+-------+-----------------------------------------------------------------+
; Parameter Name ; Value ; Type                                                            ;
+----------------+-------+-----------------------------------------------------------------+
; MAX_VALUE      ; 462   ; Untyped                                                         ;
+----------------+-------+-----------------------------------------------------------------+
Note: In order to hide this table in the UI and the text report file, please set the "Show Parameter Settings in Synthesis Report" option in "Analysis and Synthesis Settings -> More Settings" to "Off".


+--------------------------------------------------------------------------------------------+
; Parameter Settings for User Entity Instance: acquisition_ctrl:ctrl|counter:samples_counter ;
+----------------+-------+-------------------------------------------------------------------+
; Parameter Name ; Value ; Type                                                              ;
+----------------+-------+-------------------------------------------------------------------+
; MAX_VALUE      ; 3     ; Untyped                                                           ;
+----------------+-------+-------------------------------------------------------------------+
Note: In order to hide this table in the UI and the text report file, please set the "Show Parameter Settings in Synthesis Report" option in "Analysis and Synthesis Settings -> More Settings" to "Off".


+--------------------------------------------------------------------------------+
; Parameter Settings for User Entity Instance: acquisition_serializer:serializer ;
+----------------+-------+-------------------------------------------------------+
; Parameter Name ; Value ; Type                                                  ;
+----------------+-------+-------------------------------------------------------+
; little_endian  ; 1     ; Untyped                                               ;
+----------------+-------+-------------------------------------------------------+
Note: In order to hide this table in the UI and the text report file, please set the "Show Parameter Settings in Synthesis Report" option in "Analysis and Synthesis Settings -> More Settings" to "Off".


+----------------------------------------------------------------------------------------------+
; Parameter Settings for User Entity Instance: acquisition_serializer:serializer|counter:count ;
+----------------+-------+---------------------------------------------------------------------+
; Parameter Name ; Value ; Type                                                                ;
+----------------+-------+---------------------------------------------------------------------+
; MAX_VALUE      ; 16    ; Untyped                                                             ;
+----------------+-------+---------------------------------------------------------------------+
Note: In order to hide this table in the UI and the text report file, please set the "Show Parameter Settings in Synthesis Report" option in "Analysis and Synthesis Settings -> More Settings" to "Off".


+-----------------------------------------------------------------------------------------------+
; Parameter Settings for User Entity Instance: acquisition_store:storer|counter:channel_counter ;
+----------------+-------+----------------------------------------------------------------------+
; Parameter Name ; Value ; Type                                                                 ;
+----------------+-------+----------------------------------------------------------------------+
; MAX_VALUE      ; 12    ; Untyped                                                              ;
+----------------+-------+----------------------------------------------------------------------+
Note: In order to hide this table in the UI and the text report file, please set the "Show Parameter Settings in Synthesis Report" option in "Analysis and Synthesis Settings -> More Settings" to "Off".


+-------------------------------+
; Analysis & Synthesis Messages ;
+-------------------------------+
Info: *******************************************************************
Info: Running Quartus Prime Analysis & Synthesis
    Info: Version 20.1.1 Build 720 11/11/2020 SJ Lite Edition
    Info: Processing started: Thu Apr 22 22:01:34 2021
Info: Command: quartus_map --read_settings_files=on --write_settings_files=off sensor_buchas -c sensor_buchas
Warning (18236): Number of processors has not been specified which may cause overloading on shared machines.  Set the global assignment NUM_PARALLEL_PROCESSORS in your QSF to an appropriate value for best performance.
Info (20030): Parallel compilation is enabled and will use 2 of the 2 processors detected
Info (12021): Found 1 design units, including 1 entities, in source file crc16.v
    Info (12023): Found entity 1: crc16 File: C:/SensorBuchasV2/crc16.v Line: 18
Info (12021): Found 1 design units, including 1 entities, in source file reset_module.tdf
    Info (12023): Found entity 1: reset_module File: C:/SensorBuchasV2/reset_module.tdf Line: 8
Info (12021): Found 1 design units, including 1 entities, in source file synchronizer.tdf
    Info (12023): Found entity 1: synchronizer File: C:/SensorBuchasV2/synchronizer.tdf Line: 7
Warning (287004): Group name "RDM_data_write" is missing brackets ([ ]) File: C:/SensorBuchasV2/switch.tdf Line: 128
Info (12021): Found 1 design units, including 1 entities, in source file switch.tdf
    Info (12023): Found entity 1: switch File: C:/SensorBuchasV2/switch.tdf Line: 3
Info (12021): Found 1 design units, including 1 entities, in source file ram_interface.tdf
    Info (12023): Found entity 1: RAM_interface File: C:/SensorBuchasV2/RAM_interface.tdf Line: 9
Info (12021): Found 1 design units, including 1 entities, in source file mode_selector.tdf
    Info (12023): Found entity 1: mode_selector File: C:/SensorBuchasV2/mode_selector.tdf Line: 4
Info (12021): Found 1 design units, including 1 entities, in source file host_interface.tdf
    Info (12023): Found entity 1: host_interface File: C:/SensorBuchasV2/host_interface.tdf Line: 3
Info (12021): Found 1 design units, including 1 entities, in source file dffes.tdf
    Info (12023): Found entity 1: dffes File: C:/SensorBuchasV2/dffes.tdf Line: 3
Info (12021): Found 1 design units, including 1 entities, in source file counter.tdf
    Info (12023): Found entity 1: counter File: C:/SensorBuchasV2/counter.tdf Line: 10
Info (12021): Found 1 design units, including 1 entities, in source file adc_interface.tdf
    Info (12023): Found entity 1: adc_interface File: C:/SensorBuchasV2/adc_interface.tdf Line: 3
Warning (287009): Result of LOG2 is not an integer -- rounded result to next whole number File: C:/SensorBuchasV2/counter.inc Line: 26
Info (12021): Found 1 design units, including 1 entities, in source file acquisition_store.tdf
    Info (12023): Found entity 1: acquisition_store File: C:/SensorBuchasV2/acquisition_store.tdf Line: 4
Info (12021): Found 1 design units, including 1 entities, in source file acquisition_serializer.tdf
    Info (12023): Found entity 1: acquisition_serializer File: C:/SensorBuchasV2/acquisition_serializer.tdf Line: 9
Info (12021): Found 1 design units, including 1 entities, in source file acquisition_module.tdf
    Info (12023): Found entity 1: acquisition_module File: C:/SensorBuchasV2/acquisition_module.tdf Line: 13
Info (12021): Found 1 design units, including 1 entities, in source file acquisition_ctrl.tdf
    Info (12023): Found entity 1: acquisition_ctrl File: C:/SensorBuchasV2/acquisition_ctrl.tdf Line: 22
Info (12021): Found 1 design units, including 1 entities, in source file sensor_buchas.bdf
    Info (12023): Found entity 1: sensor_buchas
Info (12021): Found 1 design units, including 1 entities, in source file spi_shift.tdf
    Info (12023): Found entity 1: spi_shift File: C:/SensorBuchasV2/spi_shift.tdf Line: 5
Info (12021): Found 1 design units, including 1 entities, in source file rw_data_module.tdf
    Info (12023): Found entity 1: rw_data_module File: C:/SensorBuchasV2/rw_data_module.tdf Line: 6
Info (12127): Elaborating entity "acquisition_module" for the top level hierarchy
Warning (287009): Result of LOG2 is not an integer -- rounded result to next whole number File: C:/SensorBuchasV2/acquisition_ctrl.inc Line: 26
Info (12128): Elaborating entity "dffes" for hierarchy "dffes:start_ff" File: C:/SensorBuchasV2/acquisition_module.tdf Line: 36
Info (12128): Elaborating entity "acquisition_ctrl" for hierarchy "acquisition_ctrl:ctrl" File: C:/SensorBuchasV2/acquisition_module.tdf Line: 37
Warning (287009): Result of LOG2 is not an integer -- rounded result to next whole number File: C:/SensorBuchasV2/acquisition_ctrl.tdf Line: 20
Warning (287009): Result of LOG2 is not an integer -- rounded result to next whole number File: C:/SensorBuchasV2/acquisition_ctrl.tdf Line: 44
Warning (287009): Result of LOG2 is not an integer -- rounded result to next whole number File: C:/SensorBuchasV2/counter.inc Line: 26
Info (12128): Elaborating entity "counter" for hierarchy "acquisition_ctrl:ctrl|counter:clock_counter" File: C:/SensorBuchasV2/acquisition_ctrl.tdf Line: 50
Warning (287009): Result of LOG2 is not an integer -- rounded result to next whole number File: C:/SensorBuchasV2/counter.tdf Line: 8
Info (12128): Elaborating entity "counter" for hierarchy "acquisition_ctrl:ctrl|counter:samples_counter" File: C:/SensorBuchasV2/acquisition_ctrl.tdf Line: 51
Info (12128): Elaborating entity "dffes" for hierarchy "acquisition_ctrl:ctrl|dffes:convst_ff" File: C:/SensorBuchasV2/acquisition_ctrl.tdf Line: 52
Info (12128): Elaborating entity "acquisition_serializer" for hierarchy "acquisition_serializer:serializer" File: C:/SensorBuchasV2/acquisition_module.tdf Line: 38
Warning (287009): Result of LOG2 is not an integer -- rounded result to next whole number File: C:/SensorBuchasV2/counter.inc Line: 26
Info (12128): Elaborating entity "counter" for hierarchy "acquisition_serializer:serializer|counter:count" File: C:/SensorBuchasV2/acquisition_serializer.tdf Line: 24
Warning (287009): Result of LOG2 is not an integer -- rounded result to next whole number File: C:/SensorBuchasV2/counter.tdf Line: 8
Info (12128): Elaborating entity "acquisition_store" for hierarchy "acquisition_store:storer" File: C:/SensorBuchasV2/acquisition_module.tdf Line: 39
Info (12128): Elaborating entity "dffes" for hierarchy "acquisition_store:storer|dffes:cs_n_ff" File: C:/SensorBuchasV2/acquisition_store.tdf Line: 21
Info (12128): Elaborating entity "counter" for hierarchy "acquisition_store:storer|counter:channel_counter" File: C:/SensorBuchasV2/acquisition_store.tdf Line: 23
Warning (287009): Result of LOG2 is not an integer -- rounded result to next whole number File: C:/SensorBuchasV2/counter.tdf Line: 8
Info (12128): Elaborating entity "crc16" for hierarchy "crc16:crc" File: C:/SensorBuchasV2/acquisition_module.tdf Line: 40
Info (18000): Registers with preset signals will power-up high File: C:/SensorBuchasV2/crc16.v Line: 54
Info (21057): Implemented 327 device resources after synthesis - the final resource count might be different
    Info (21058): Implemented 12 input pins
    Info (21059): Implemented 32 output pins
    Info (21061): Implemented 283 logic cells
Info: Quartus Prime Analysis & Synthesis was successful. 0 errors, 11 warnings
    Info: Peak virtual memory: 4687 megabytes
    Info: Processing ended: Thu Apr 22 22:01:47 2021
    Info: Elapsed time: 00:00:13
    Info: Total CPU time (on all processors): 00:00:20


