Flow report for SensorBuchas_CPLD
Sat Apr 03 20:03:14 2021
Quartus Prime Version 20.1.1 Build 720 11/11/2020 SJ Lite Edition


---------------------
; Table of Contents ;
---------------------
  1. Legal Notice
  2. Flow Summary
  3. Flow Settings
  4. Flow Non-Default Global Settings
  5. Flow Elapsed Time
  6. Flow OS Summary
  7. Flow Log
  8. Flow Messages
  9. Flow Suppressed Messages



----------------
; Legal Notice ;
----------------
Copyright (C) 2020  Intel Corporation. All rights reserved.
Your use of Intel Corporation's design tools, logic functions 
and other software and tools, and any partner logic 
functions, and any output files from any of the foregoing 
(including device programming or simulation files), and any 
associated documentation or information are expressly subject 
to the terms and conditions of the Intel Program License 
Subscription Agreement, the Intel Quartus Prime License Agreement,
the Intel FPGA IP License Agreement, or other applicable license
agreement, including, without limitation, that your use is for
the sole purpose of programming logic devices manufactured by
Intel and sold by Intel or its authorized distributors.  Please
refer to the applicable agreement for further details, at
https://fpgasoftware.intel.com/eula.



+---------------------------------------------------------------------+
; Flow Summary                                                        ;
+-----------------------+---------------------------------------------+
; Flow Status           ; Successful - Sat Apr 03 20:03:14 2021       ;
; Quartus Prime Version ; 20.1.1 Build 720 11/11/2020 SJ Lite Edition ;
; Revision Name         ; SensorBuchas_CPLD                           ;
; Top-level Entity Name ; sensor_buchas_CPLD                          ;
; Family                ; MAX II                                      ;
; Device                ; EPM1270T144C5                               ;
; Timing Models         ; Final                                       ;
; Total logic elements  ; 361 / 1,270 ( 28 % )                        ;
; Total pins            ; 86 / 116 ( 74 % )                           ;
; Total virtual pins    ; 0                                           ;
; UFM blocks            ; 0 / 1 ( 0 % )                               ;
+-----------------------+---------------------------------------------+


+-----------------------------------------+
; Flow Settings                           ;
+-------------------+---------------------+
; Option            ; Setting             ;
+-------------------+---------------------+
; Start date & time ; 04/03/2021 20:02:47 ;
; Main task         ; Compilation         ;
; Revision Name     ; SensorBuchas_CPLD   ;
+-------------------+---------------------+


+--------------------------------------------------------------------------------------------------------------------------------------------+
; Flow Non-Default Global Settings                                                                                                           ;
+---------------------------------------+------------------------------+-------------------+-------------+-----------------------------------+
; Assignment Name                       ; Value                        ; Default Value     ; Entity Name ; Section Id                        ;
+---------------------------------------+------------------------------+-------------------+-------------+-----------------------------------+
; COMPILER_SIGNATURE_ID                 ; 121366581361.161749096701228 ; --                ; --          ; --                                ;
; EDA_GENERATE_FUNCTIONAL_NETLIST       ; Off                          ; --                ; --          ; eda_board_design_timing           ;
; EDA_GENERATE_FUNCTIONAL_NETLIST       ; Off                          ; --                ; --          ; eda_board_design_boundary_scan    ;
; EDA_GENERATE_FUNCTIONAL_NETLIST       ; Off                          ; --                ; --          ; eda_board_design_signal_integrity ;
; EDA_GENERATE_FUNCTIONAL_NETLIST       ; Off                          ; --                ; --          ; eda_board_design_symbol           ;
; EDA_OUTPUT_DATA_FORMAT                ; Verilog Hdl                  ; --                ; --          ; eda_simulation                    ;
; EDA_SIMULATION_TOOL                   ; ModelSim-Altera (Verilog)    ; <None>            ; --          ; --                                ;
; EDA_TIME_SCALE                        ; 1 ps                         ; --                ; --          ; eda_simulation                    ;
; MAX_CORE_JUNCTION_TEMP                ; 85                           ; --                ; --          ; --                                ;
; MIN_CORE_JUNCTION_TEMP                ; 0                            ; --                ; --          ; --                                ;
; POWER_EXT_SUPPLY_VOLTAGE_TO_REGULATOR ; 3.3V                         ; --                ; --          ; --                                ;
; POWER_PRESET_COOLING_SOLUTION         ; No Heat Sink With Still Air  ; --                ; --          ; --                                ;
; PROJECT_OUTPUT_DIRECTORY              ; output_files                 ; --                ; --          ; --                                ;
; TOP_LEVEL_ENTITY                      ; sensor_buchas_CPLD           ; SensorBuchas_CPLD ; --          ; --                                ;
+---------------------------------------+------------------------------+-------------------+-------------+-----------------------------------+


+--------------------------------------------------------------------------------------------------------------------------+
; Flow Elapsed Time                                                                                                        ;
+----------------------+--------------+-------------------------+---------------------+------------------------------------+
; Module Name          ; Elapsed Time ; Average Processors Used ; Peak Virtual Memory ; Total CPU Time (on all processors) ;
+----------------------+--------------+-------------------------+---------------------+------------------------------------+
; Analysis & Synthesis ; 00:00:16     ; 1.0                     ; 4710 MB             ; 00:00:21                           ;
; Fitter               ; 00:00:04     ; 1.0                     ; 5048 MB             ; 00:00:04                           ;
; Assembler            ; 00:00:01     ; 1.0                     ; 4659 MB             ; 00:00:01                           ;
; Timing Analyzer      ; 00:00:01     ; 1.0                     ; 4656 MB             ; 00:00:01                           ;
; EDA Netlist Writer   ; 00:00:00     ; 1.0                     ; 4616 MB             ; 00:00:01                           ;
; Total                ; 00:00:22     ; --                      ; --                  ; 00:00:28                           ;
+----------------------+--------------+-------------------------+---------------------+------------------------------------+


+------------------------------------------------------------------------------------+
; Flow OS Summary                                                                    ;
+----------------------+------------------+------------+------------+----------------+
; Module Name          ; Machine Hostname ; OS Name    ; OS Version ; Processor type ;
+----------------------+------------------+------------+------------+----------------+
; Analysis & Synthesis ; AFONSOMIGUE8FFE  ; Windows 10 ; 10.0       ; x86_64         ;
; Fitter               ; AFONSOMIGUE8FFE  ; Windows 10 ; 10.0       ; x86_64         ;
; Assembler            ; AFONSOMIGUE8FFE  ; Windows 10 ; 10.0       ; x86_64         ;
; Timing Analyzer      ; AFONSOMIGUE8FFE  ; Windows 10 ; 10.0       ; x86_64         ;
; EDA Netlist Writer   ; AFONSOMIGUE8FFE  ; Windows 10 ; 10.0       ; x86_64         ;
+----------------------+------------------+------------+------------+----------------+


------------
; Flow Log ;
------------
quartus_map --read_settings_files=on --write_settings_files=off SensorBuchas_CPLD -c SensorBuchas_CPLD
quartus_fit --read_settings_files=off --write_settings_files=off SensorBuchas_CPLD -c SensorBuchas_CPLD
quartus_asm --read_settings_files=off --write_settings_files=off SensorBuchas_CPLD -c SensorBuchas_CPLD
quartus_sta SensorBuchas_CPLD -c SensorBuchas_CPLD
quartus_eda --read_settings_files=off --write_settings_files=off SensorBuchas_CPLD -c SensorBuchas_CPLD



