Flow report for sensor_buchas
Wed Apr 15 08:12:37 2026
Quartus Prime Version 24.1std.0 Build 1077 03/04/2025 SC Lite Edition


---------------------
; Table of Contents ;
---------------------
  1. Legal Notice
  2. Flow Summary
  3. Flow Settings
  4. Flow Non-Default Global Settings
  5. Flow Elapsed Time
  6. Flow OS Summary
  7. Flow Log
  8. Flow Messages
  9. Flow Suppressed Messages



----------------
; Legal Notice ;
----------------
Copyright (C) 2025  Altera Corporation. All rights reserved.
Your use of Altera Corporation's design tools, logic functions 
and other software and tools, and any partner logic 
functions, and any output files from any of the foregoing 
(including device programming or simulation files), and any 
associated documentation or information are expressly subject 
to the terms and conditions of the Altera Program License 
Subscription Agreement, the Altera Quartus Prime License Agreement,
the Altera IP License Agreement, or other applicable license
agreement, including, without limitation, that your use is for
the sole purpose of programming logic devices manufactured by
Altera and sold by Altera or its authorized distributors.  Please
refer to the Altera Software License Subscription Agreements 
on the Quartus Prime software download page.



+-------------------------------------------------------------------------+
; Flow Summary                                                            ;
+-----------------------+-------------------------------------------------+
; Flow Status           ; Successful - Wed Apr 15 08:12:34 2026           ;
; Quartus Prime Version ; 24.1std.0 Build 1077 03/04/2025 SC Lite Edition ;
; Revision Name         ; sensor_buchas                                   ;
; Top-level Entity Name ; sensor_buchas                                   ;
; Family                ; MAX V                                           ;
; Device                ; 5M1270ZT144C5                                   ;
; Timing Models         ; Final                                           ;
; Total logic elements  ; 1,023 / 1,270 ( 81 % )                          ;
; Total pins            ; 86 / 114 ( 75 % )                               ;
; Total virtual pins    ; 0                                               ;
; UFM blocks            ; 0 / 1 ( 0 % )                                   ;
+-----------------------+-------------------------------------------------+


+-----------------------------------------+
; Flow Settings                           ;
+-------------------+---------------------+
; Option            ; Setting             ;
+-------------------+---------------------+
; Start date & time ; 04/15/2026 08:12:08 ;
; Main task         ; Compilation         ;
; Revision Name     ; sensor_buchas       ;
+-------------------+---------------------+


+-----------------------------------------------------------------------------------------------------------------------------------------+
; Flow Non-Default Global Settings                                                                                                        ;
+-------------------------------------+---------------------------------+---------------+-------------+-----------------------------------+
; Assignment Name                     ; Value                           ; Default Value ; Entity Name ; Section Id                        ;
+-------------------------------------+---------------------------------+---------------+-------------+-----------------------------------+
; COMPILER_SIGNATURE_ID               ; 128528031135075.177625152803348 ; --            ; --          ; --                                ;
; EDA_GENERATE_FUNCTIONAL_NETLIST     ; Off                             ; --            ; --          ; eda_board_design_timing           ;
; EDA_GENERATE_FUNCTIONAL_NETLIST     ; Off                             ; --            ; --          ; eda_board_design_boundary_scan    ;
; EDA_GENERATE_FUNCTIONAL_NETLIST     ; Off                             ; --            ; --          ; eda_board_design_signal_integrity ;
; EDA_GENERATE_FUNCTIONAL_NETLIST     ; Off                             ; --            ; --          ; eda_board_design_symbol           ;
; EDA_OUTPUT_DATA_FORMAT              ; None                            ; --            ; --          ; eda_simulation                    ;
; MAX_CORE_JUNCTION_TEMP              ; 85                              ; --            ; --          ; --                                ;
; MIN_CORE_JUNCTION_TEMP              ; 0                               ; --            ; --          ; --                                ;
; PARTITION_COLOR                     ; 16764057                        ; --            ; --          ; Top                               ;
; PARTITION_FITTER_PRESERVATION_LEVEL ; PLACEMENT_AND_ROUTING           ; --            ; --          ; Top                               ;
; PARTITION_NETLIST_TYPE              ; SOURCE                          ; --            ; --          ; Top                               ;
; POWER_PRESET_COOLING_SOLUTION       ; No Heat Sink With Still Air     ; --            ; --          ; --                                ;
; PROJECT_OUTPUT_DIRECTORY            ; output_files                    ; --            ; --          ; --                                ;
+-------------------------------------+---------------------------------+---------------+-------------+-----------------------------------+


+--------------------------------------------------------------------------------------------------------------------------+
; Flow Elapsed Time                                                                                                        ;
+----------------------+--------------+-------------------------+---------------------+------------------------------------+
; Module Name          ; Elapsed Time ; Average Processors Used ; Peak Virtual Memory ; Total CPU Time (on all processors) ;
+----------------------+--------------+-------------------------+---------------------+------------------------------------+
; Analysis & Synthesis ; 00:00:14     ; 1.0                     ; 375 MB              ; 00:00:32                           ;
; Fitter               ; 00:00:08     ; 1.0                     ; 539 MB              ; 00:00:11                           ;
; Assembler            ; 00:00:01     ; 1.0                     ; 325 MB              ; 00:00:01                           ;
; Timing Analyzer      ; 00:00:02     ; 1.0                     ; 341 MB              ; 00:00:02                           ;
; Total                ; 00:00:25     ; --                      ; --                  ; 00:00:46                           ;
+----------------------+--------------+-------------------------+---------------------+------------------------------------+


+--------------------------------------------------------------------------------------+
; Flow OS Summary                                                                      ;
+----------------------+-----------------------+---------+------------+----------------+
; Module Name          ; Machine Hostname      ; OS Name ; OS Version ; Processor type ;
+----------------------+-----------------------+---------+------------+----------------+
; Analysis & Synthesis ; montrel-Aspire-E1-571 ; Ubuntu  ; 24         ; x86_64         ;
; Fitter               ; montrel-Aspire-E1-571 ; Ubuntu  ; 24         ; x86_64         ;
; Assembler            ; montrel-Aspire-E1-571 ; Ubuntu  ; 24         ; x86_64         ;
; Timing Analyzer      ; montrel-Aspire-E1-571 ; Ubuntu  ; 24         ; x86_64         ;
+----------------------+-----------------------+---------+------------+----------------+


------------
; Flow Log ;
------------
quartus_map --read_settings_files=on --write_settings_files=off sensor_buchas -c sensor_buchas
quartus_fit --read_settings_files=off --write_settings_files=off sensor_buchas -c sensor_buchas
quartus_asm --read_settings_files=off --write_settings_files=off sensor_buchas -c sensor_buchas
quartus_sta sensor_buchas -c sensor_buchas



