Timing Analyzer report for sensor_buchas
Thu Apr 22 22:01:56 2021
Quartus Prime Version 20.1.1 Build 720 11/11/2020 SJ Lite Edition


---------------------
; Table of Contents ;
---------------------
  1. Legal Notice
  2. Timing Analyzer Summary
  3. Parallel Compilation
  4. SDC File List
  5. Clocks
  6. Fmax Summary
  7. Setup Summary
  8. Hold Summary
  9. Recovery Summary
 10. Removal Summary
 11. Minimum Pulse Width Summary
 12. Setup: 'clk'
 13. Hold: 'clk'
 14. Recovery: 'clk'
 15. Removal: 'clk'
 16. Setup Transfers
 17. Hold Transfers
 18. Recovery Transfers
 19. Removal Transfers
 20. Report TCCS
 21. Report RSKM
 22. Unconstrained Paths Summary
 23. Clock Status Summary
 24. Unconstrained Input Ports
 25. Unconstrained Output Ports
 26. Unconstrained Input Ports
 27. Unconstrained Output Ports
 28. Timing Analyzer Messages



----------------
; Legal Notice ;
----------------
Copyright (C) 2020  Intel Corporation. All rights reserved.
Your use of Intel Corporation's design tools, logic functions 
and other software and tools, and any partner logic 
functions, and any output files from any of the foregoing 
(including device programming or simulation files), and any 
associated documentation or information are expressly subject 
to the terms and conditions of the Intel Program License 
Subscription Agreement, the Intel Quartus Prime License Agreement,
the Intel FPGA IP License Agreement, or other applicable license
agreement, including, without limitation, that your use is for
the sole purpose of programming logic devices manufactured by
Intel and sold by Intel or its authorized distributors.  Please
refer to the applicable agreement for further details, at
https://fpgasoftware.intel.com/eula.



+-----------------------------------------------------------------------------+
; Timing Analyzer Summary                                                     ;
+-----------------------+-----------------------------------------------------+
; Quartus Prime Version ; Version 20.1.1 Build 720 11/11/2020 SJ Lite Edition ;
; Timing Analyzer       ; Legacy Timing Analyzer                              ;
; Revision Name         ; sensor_buchas                                       ;
; Device Family         ; MAX II                                              ;
; Device Name           ; EPM1270T144C5                                       ;
; Timing Models         ; Final                                               ;
; Delay Model           ; Slow Model                                          ;
; Rise/Fall Delays      ; Unavailable                                         ;
+-----------------------+-----------------------------------------------------+


+------------------------------------------+
; Parallel Compilation                     ;
+----------------------------+-------------+
; Processors                 ; Number      ;
+----------------------------+-------------+
; Number detected on machine ; 2           ;
; Maximum allowed            ; 2           ;
;                            ;             ;
; Average used               ; 1.00        ;
; Maximum used               ; 1           ;
;                            ;             ;
; Usage by Processor         ; % Time Used ;
;     Processor 1            ; 100.0%      ;
+----------------------------+-------------+


+-------------------------------------------------------+
; SDC File List                                         ;
+-------------------+--------+--------------------------+
; SDC File Path     ; Status ; Read at                  ;
+-------------------+--------+--------------------------+
; sensor_buchas.sdc ; OK     ; Thu Apr 22 22:01:55 2021 ;
+-------------------+--------+--------------------------+


+--------------------------------------------------------------------------------------------------------------------------------------------------------------------------------+
; Clocks                                                                                                                                                                         ;
+------------+------+--------+-----------+-------+-------+------------+-----------+-------------+-------+--------+-----------+------------+----------+--------+--------+---------+
; Clock Name ; Type ; Period ; Frequency ; Rise  ; Fall  ; Duty Cycle ; Divide by ; Multiply by ; Phase ; Offset ; Edge List ; Edge Shift ; Inverted ; Master ; Source ; Targets ;
+------------+------+--------+-----------+-------+-------+------------+-----------+-------------+-------+--------+-----------+------------+----------+--------+--------+---------+
; clk        ; Base ; 10.000 ; 100.0 MHz ; 0.000 ; 5.000 ;            ;           ;             ;       ;        ;           ;            ;          ;        ;        ; { clk } ;
+------------+------+--------+-----------+-------+-------+------------+-----------+-------------+-------+--------+-----------+------------+----------+--------+--------+---------+


+-------------------------------------------------+
; Fmax Summary                                    ;
+-----------+-----------------+------------+------+
; Fmax      ; Restricted Fmax ; Clock Name ; Note ;
+-----------+-----------------+------------+------+
; 87.57 MHz ; 87.57 MHz       ; clk        ;      ;
+-----------+-----------------+------------+------+
This panel reports FMAX for every clock in the design, regardless of the user-specified clock periods.  FMAX is only computed for paths where the source and destination registers or ports are driven by the same clock.  Paths of different clocks, including generated clocks, are ignored.  For paths between a clock and its inversion, FMAX is computed as if the rising and falling edges are scaled along with FMAX, such that the duty cycle (in terms of a percentage) is maintained. Altera recommends that you always use clock constraints and other slack reports for sign-off analysis.


+--------------------------------+
; Setup Summary                  ;
+-------+--------+---------------+
; Clock ; Slack  ; End Point TNS ;
+-------+--------+---------------+
; clk   ; -1.420 ; -13.391       ;
+-------+--------+---------------+


+-------------------------------+
; Hold Summary                  ;
+-------+-------+---------------+
; Clock ; Slack ; End Point TNS ;
+-------+-------+---------------+
; clk   ; 1.375 ; 0.000         ;
+-------+-------+---------------+


+-------------------------------+
; Recovery Summary              ;
+-------+-------+---------------+
; Clock ; Slack ; End Point TNS ;
+-------+-------+---------------+
; clk   ; 2.763 ; 0.000         ;
+-------+-------+---------------+


+-------------------------------+
; Removal Summary               ;
+-------+-------+---------------+
; Clock ; Slack ; End Point TNS ;
+-------+-------+---------------+
; clk   ; 5.590 ; 0.000         ;
+-------+-------+---------------+


+-------------------------------+
; Minimum Pulse Width Summary   ;
+-------+-------+---------------+
; Clock ; Slack ; End Point TNS ;
+-------+-------+---------------+
; clk   ; 4.734 ; 0.000         ;
+-------+-------+---------------+


+-----------------------------------------------------------------------------------------------------------------------------------------------------------------------------------------------------+
; Setup: 'clk'                                                                                                                                                                                        ;
+--------+---------------------------------------------------------------+------------------------------------------------------+--------------+-------------+--------------+------------+------------+
; Slack  ; From Node                                                     ; To Node                                              ; Launch Clock ; Latch Clock ; Relationship ; Clock Skew ; Data Delay ;
+--------+---------------------------------------------------------------+------------------------------------------------------+--------------+-------------+--------------+------------+------------+
; -1.420 ; acquisition_store:storer|counter:channel_counter|ffs[3]       ; crc16:crc|lfsr_q[5]                                  ; clk          ; clk         ; 10.000       ; 0.000      ; 11.087     ;
; -1.419 ; acquisition_store:storer|counter:channel_counter|ffs[3]       ; crc16:crc|lfsr_q[0]                                  ; clk          ; clk         ; 10.000       ; 0.000      ; 11.086     ;
; -1.305 ; acquisition_store:storer|counter:channel_counter|ffs[3]       ; crc16:crc|lfsr_q[15]                                 ; clk          ; clk         ; 10.000       ; 0.000      ; 10.972     ;
; -1.304 ; acquisition_store:storer|counter:channel_counter|ffs[3]       ; crc16:crc|lfsr_q[3]                                  ; clk          ; clk         ; 10.000       ; 0.000      ; 10.971     ;
; -1.302 ; acquisition_store:storer|counter:channel_counter|ffs[3]       ; crc16:crc|lfsr_q[6]                                  ; clk          ; clk         ; 10.000       ; 0.000      ; 10.969     ;
; -1.297 ; acquisition_store:storer|counter:channel_counter|ffs[3]       ; crc16:crc|lfsr_q[13]                                 ; clk          ; clk         ; 10.000       ; 0.000      ; 10.964     ;
; -1.193 ; acquisition_store:storer|counter:channel_counter|ffs[2]       ; crc16:crc|lfsr_q[5]                                  ; clk          ; clk         ; 10.000       ; 0.000      ; 10.860     ;
; -1.192 ; acquisition_store:storer|counter:channel_counter|ffs[2]       ; crc16:crc|lfsr_q[0]                                  ; clk          ; clk         ; 10.000       ; 0.000      ; 10.859     ;
; -1.089 ; acquisition_store:storer|counter:channel_counter|ffs[2]       ; crc16:crc|lfsr_q[15]                                 ; clk          ; clk         ; 10.000       ; 0.000      ; 10.756     ;
; -1.088 ; acquisition_store:storer|counter:channel_counter|ffs[2]       ; crc16:crc|lfsr_q[3]                                  ; clk          ; clk         ; 10.000       ; 0.000      ; 10.755     ;
; -1.086 ; acquisition_store:storer|counter:channel_counter|ffs[2]       ; crc16:crc|lfsr_q[6]                                  ; clk          ; clk         ; 10.000       ; 0.000      ; 10.753     ;
; -1.081 ; acquisition_store:storer|counter:channel_counter|ffs[2]       ; crc16:crc|lfsr_q[13]                                 ; clk          ; clk         ; 10.000       ; 0.000      ; 10.748     ;
; -0.962 ; acquisition_store:storer|counter:channel_counter|ffs[3]       ; crc16:crc|lfsr_q[12]                                 ; clk          ; clk         ; 10.000       ; 0.000      ; 10.629     ;
; -0.941 ; acquisition_store:storer|counter:channel_counter|ffs[1]       ; crc16:crc|lfsr_q[5]                                  ; clk          ; clk         ; 10.000       ; 0.000      ; 10.608     ;
; -0.940 ; acquisition_store:storer|counter:channel_counter|ffs[1]       ; crc16:crc|lfsr_q[0]                                  ; clk          ; clk         ; 10.000       ; 0.000      ; 10.607     ;
; -0.889 ; acquisition_store:storer|counter:channel_counter|ffs[1]       ; crc16:crc|lfsr_q[15]                                 ; clk          ; clk         ; 10.000       ; 0.000      ; 10.556     ;
; -0.888 ; acquisition_store:storer|counter:channel_counter|ffs[1]       ; crc16:crc|lfsr_q[3]                                  ; clk          ; clk         ; 10.000       ; 0.000      ; 10.555     ;
; -0.866 ; acquisition_store:storer|counter:channel_counter|ffs[3]       ; crc16:crc|lfsr_q[8]                                  ; clk          ; clk         ; 10.000       ; 0.000      ; 10.533     ;
; -0.855 ; acquisition_store:storer|counter:channel_counter|ffs[3]       ; crc16:crc|lfsr_q[1]                                  ; clk          ; clk         ; 10.000       ; 0.000      ; 10.522     ;
; -0.833 ; acquisition_store:storer|counter:channel_counter|ffs[1]       ; crc16:crc|lfsr_q[6]                                  ; clk          ; clk         ; 10.000       ; 0.000      ; 10.500     ;
; -0.828 ; acquisition_store:storer|counter:channel_counter|ffs[1]       ; crc16:crc|lfsr_q[13]                                 ; clk          ; clk         ; 10.000       ; 0.000      ; 10.495     ;
; -0.781 ; acquisition_store:storer|counter:channel_counter|ffs[1]       ; crc16:crc|lfsr_q[12]                                 ; clk          ; clk         ; 10.000       ; 0.000      ; 10.448     ;
; -0.735 ; acquisition_store:storer|counter:channel_counter|ffs[2]       ; crc16:crc|lfsr_q[12]                                 ; clk          ; clk         ; 10.000       ; 0.000      ; 10.402     ;
; -0.730 ; acquisition_store:storer|counter:channel_counter|ffs[1]       ; crc16:crc|lfsr_q[7]                                  ; clk          ; clk         ; 10.000       ; 0.000      ; 10.397     ;
; -0.691 ; acquisition_store:storer|counter:channel_counter|ffs[3]       ; crc16:crc|lfsr_q[7]                                  ; clk          ; clk         ; 10.000       ; 0.000      ; 10.358     ;
; -0.650 ; acquisition_store:storer|counter:channel_counter|ffs[2]       ; crc16:crc|lfsr_q[8]                                  ; clk          ; clk         ; 10.000       ; 0.000      ; 10.317     ;
; -0.639 ; acquisition_store:storer|counter:channel_counter|ffs[2]       ; crc16:crc|lfsr_q[1]                                  ; clk          ; clk         ; 10.000       ; 0.000      ; 10.306     ;
; -0.609 ; acquisition_store:storer|counter:channel_counter|ffs[3]       ; crc16:crc|lfsr_q[2]                                  ; clk          ; clk         ; 10.000       ; 0.000      ; 10.276     ;
; -0.602 ; acquisition_store:storer|counter:channel_counter|ffs[3]       ; crc16:crc|lfsr_q[14]                                 ; clk          ; clk         ; 10.000       ; 0.000      ; 10.269     ;
; -0.560 ; acquisition_store:storer|counter:channel_counter|ffs[0]       ; crc16:crc|lfsr_q[15]                                 ; clk          ; clk         ; 10.000       ; 0.000      ; 10.227     ;
; -0.559 ; acquisition_store:storer|counter:channel_counter|ffs[0]       ; crc16:crc|lfsr_q[3]                                  ; clk          ; clk         ; 10.000       ; 0.000      ; 10.226     ;
; -0.475 ; acquisition_store:storer|counter:channel_counter|ffs[2]       ; crc16:crc|lfsr_q[7]                                  ; clk          ; clk         ; 10.000       ; 0.000      ; 10.142     ;
; -0.450 ; acquisition_store:storer|counter:channel_counter|ffs[1]       ; crc16:crc|lfsr_q[8]                                  ; clk          ; clk         ; 10.000       ; 0.000      ; 10.117     ;
; -0.448 ; acquisition_serializer:serializer|dffes:data_buffer[4][3]|ff  ; crc16:crc|lfsr_q[15]                                 ; clk          ; clk         ; 10.000       ; 0.000      ; 10.115     ;
; -0.447 ; acquisition_serializer:serializer|dffes:data_buffer[4][3]|ff  ; crc16:crc|lfsr_q[3]                                  ; clk          ; clk         ; 10.000       ; 0.000      ; 10.114     ;
; -0.393 ; acquisition_store:storer|counter:channel_counter|ffs[2]       ; crc16:crc|lfsr_q[2]                                  ; clk          ; clk         ; 10.000       ; 0.000      ; 10.060     ;
; -0.386 ; acquisition_store:storer|counter:channel_counter|ffs[1]       ; crc16:crc|lfsr_q[1]                                  ; clk          ; clk         ; 10.000       ; 0.000      ; 10.053     ;
; -0.386 ; acquisition_store:storer|counter:channel_counter|ffs[2]       ; crc16:crc|lfsr_q[14]                                 ; clk          ; clk         ; 10.000       ; 0.000      ; 10.053     ;
; -0.379 ; acquisition_store:storer|counter:channel_counter|ffs[0]       ; crc16:crc|lfsr_q[5]                                  ; clk          ; clk         ; 10.000       ; 0.000      ; 10.046     ;
; -0.378 ; acquisition_store:storer|counter:channel_counter|ffs[0]       ; crc16:crc|lfsr_q[0]                                  ; clk          ; clk         ; 10.000       ; 0.000      ; 10.045     ;
; -0.362 ; acquisition_store:storer|counter:channel_counter|ffs[3]       ; crc16:crc|lfsr_q[9]                                  ; clk          ; clk         ; 10.000       ; 0.000      ; 10.029     ;
; -0.358 ; acquisition_store:storer|counter:channel_counter|ffs[3]       ; crc16:crc|lfsr_q[4]                                  ; clk          ; clk         ; 10.000       ; 0.000      ; 10.025     ;
; -0.263 ; acquisition_store:storer|counter:channel_counter|ffs[1]       ; crc16:crc|lfsr_q[2]                                  ; clk          ; clk         ; 10.000       ; 0.000      ; 9.930      ;
; -0.256 ; acquisition_store:storer|counter:channel_counter|ffs[1]       ; crc16:crc|lfsr_q[14]                                 ; clk          ; clk         ; 10.000       ; 0.000      ; 9.923      ;
; -0.248 ; acquisition_store:storer|counter:channel_counter|ffs[0]       ; crc16:crc|lfsr_q[12]                                 ; clk          ; clk         ; 10.000       ; 0.000      ; 9.915      ;
; -0.235 ; acquisition_store:storer|counter:channel_counter|ffs[0]       ; crc16:crc|lfsr_q[6]                                  ; clk          ; clk         ; 10.000       ; 0.000      ; 9.902      ;
; -0.230 ; acquisition_store:storer|counter:channel_counter|ffs[0]       ; crc16:crc|lfsr_q[13]                                 ; clk          ; clk         ; 10.000       ; 0.000      ; 9.897      ;
; -0.197 ; acquisition_store:storer|counter:channel_counter|ffs[0]       ; crc16:crc|lfsr_q[7]                                  ; clk          ; clk         ; 10.000       ; 0.000      ; 9.864      ;
; -0.135 ; acquisition_store:storer|counter:channel_counter|ffs[2]       ; crc16:crc|lfsr_q[9]                                  ; clk          ; clk         ; 10.000       ; 0.000      ; 9.802      ;
; -0.131 ; acquisition_store:storer|counter:channel_counter|ffs[2]       ; crc16:crc|lfsr_q[4]                                  ; clk          ; clk         ; 10.000       ; 0.000      ; 9.798      ;
; -0.121 ; acquisition_store:storer|counter:channel_counter|ffs[0]       ; crc16:crc|lfsr_q[8]                                  ; clk          ; clk         ; 10.000       ; 0.000      ; 9.788      ;
; -0.009 ; acquisition_serializer:serializer|dffes:data_buffer[4][3]|ff  ; crc16:crc|lfsr_q[8]                                  ; clk          ; clk         ; 10.000       ; 0.000      ; 9.676      ;
; 0.033  ; acquisition_store:storer|counter:channel_counter|ffs[0]       ; crc16:crc|lfsr_q[2]                                  ; clk          ; clk         ; 10.000       ; 0.000      ; 9.634      ;
; 0.040  ; acquisition_store:storer|counter:channel_counter|ffs[0]       ; crc16:crc|lfsr_q[14]                                 ; clk          ; clk         ; 10.000       ; 0.000      ; 9.627      ;
; 0.077  ; acquisition_serializer:serializer|dffes:data_buffer[1][3]|ff  ; crc16:crc|lfsr_q[15]                                 ; clk          ; clk         ; 10.000       ; 0.000      ; 9.590      ;
; 0.078  ; acquisition_serializer:serializer|dffes:data_buffer[1][3]|ff  ; crc16:crc|lfsr_q[3]                                  ; clk          ; clk         ; 10.000       ; 0.000      ; 9.589      ;
; 0.117  ; acquisition_store:storer|counter:channel_counter|ffs[1]       ; crc16:crc|lfsr_q[9]                                  ; clk          ; clk         ; 10.000       ; 0.000      ; 9.550      ;
; 0.121  ; acquisition_store:storer|counter:channel_counter|ffs[1]       ; crc16:crc|lfsr_q[4]                                  ; clk          ; clk         ; 10.000       ; 0.000      ; 9.546      ;
; 0.153  ; acquisition_serializer:serializer|dffes:data_buffer[2][12]|ff ; crc16:crc|lfsr_q[5]                                  ; clk          ; clk         ; 10.000       ; 0.000      ; 9.514      ;
; 0.154  ; acquisition_serializer:serializer|dffes:data_buffer[2][12]|ff ; crc16:crc|lfsr_q[0]                                  ; clk          ; clk         ; 10.000       ; 0.000      ; 9.513      ;
; 0.212  ; acquisition_store:storer|counter:channel_counter|ffs[0]       ; crc16:crc|lfsr_q[1]                                  ; clk          ; clk         ; 10.000       ; 0.000      ; 9.455      ;
; 0.327  ; acquisition_store:storer|counter:channel_counter|ffs[1]       ; crc16:crc|lfsr_q[11]                                 ; clk          ; clk         ; 10.000       ; 0.000      ; 9.340      ;
; 0.343  ; acquisition_store:storer|counter:channel_counter|ffs[3]       ; crc16:crc|lfsr_q[11]                                 ; clk          ; clk         ; 10.000       ; 0.000      ; 9.324      ;
; 0.365  ; acquisition_serializer:serializer|dffes:data_buffer[4][4]|ff  ; crc16:crc|lfsr_q[5]                                  ; clk          ; clk         ; 10.000       ; 0.000      ; 9.302      ;
; 0.366  ; acquisition_serializer:serializer|dffes:data_buffer[4][4]|ff  ; crc16:crc|lfsr_q[0]                                  ; clk          ; clk         ; 10.000       ; 0.000      ; 9.301      ;
; 0.375  ; acquisition_serializer:serializer|dffes:data_buffer[4][7]|ff  ; crc16:crc|lfsr_q[15]                                 ; clk          ; clk         ; 10.000       ; 0.000      ; 9.292      ;
; 0.376  ; acquisition_serializer:serializer|dffes:data_buffer[4][7]|ff  ; crc16:crc|lfsr_q[3]                                  ; clk          ; clk         ; 10.000       ; 0.000      ; 9.291      ;
; 0.387  ; acquisition_store:storer|counter:channel_counter|ffs[2]       ; acquisition_store:storer|CS1a                        ; clk          ; clk         ; 10.000       ; 0.000      ; 9.280      ;
; 0.394  ; acquisition_serializer:serializer|dffes:data_buffer[2][4]|ff  ; crc16:crc|lfsr_q[5]                                  ; clk          ; clk         ; 10.000       ; 0.000      ; 9.273      ;
; 0.395  ; acquisition_serializer:serializer|dffes:data_buffer[2][4]|ff  ; crc16:crc|lfsr_q[0]                                  ; clk          ; clk         ; 10.000       ; 0.000      ; 9.272      ;
; 0.396  ; acquisition_store:storer|counter:channel_counter|ffs[2]       ; acquisition_store:storer|dffes:data_bus_out_ff|ff    ; clk          ; clk         ; 10.000       ; 0.000      ; 9.271      ;
; 0.428  ; acquisition_store:storer|counter:channel_counter|ffs[3]       ; crc16:crc|lfsr_q[10]                                 ; clk          ; clk         ; 10.000       ; 0.000      ; 9.239      ;
; 0.430  ; acquisition_serializer:serializer|dffes:data_buffer[0][6]|ff  ; crc16:crc|lfsr_q[6]                                  ; clk          ; clk         ; 10.000       ; 0.000      ; 9.237      ;
; 0.465  ; acquisition_serializer:serializer|dffes:data_buffer[4][14]|ff ; crc16:crc|lfsr_q[6]                                  ; clk          ; clk         ; 10.000       ; 0.000      ; 9.202      ;
; 0.478  ; acquisition_serializer:serializer|dffes:data_buffer[0][6]|ff  ; crc16:crc|lfsr_q[2]                                  ; clk          ; clk         ; 10.000       ; 0.000      ; 9.189      ;
; 0.483  ; acquisition_serializer:serializer|dffes:data_buffer[4][7]|ff  ; crc16:crc|lfsr_q[12]                                 ; clk          ; clk         ; 10.000       ; 0.000      ; 9.184      ;
; 0.485  ; acquisition_serializer:serializer|dffes:data_buffer[0][6]|ff  ; crc16:crc|lfsr_q[14]                                 ; clk          ; clk         ; 10.000       ; 0.000      ; 9.182      ;
; 0.486  ; acquisition_serializer:serializer|dffes:data_buffer[2][5]|ff  ; crc16:crc|lfsr_q[5]                                  ; clk          ; clk         ; 10.000       ; 0.000      ; 9.181      ;
; 0.513  ; acquisition_serializer:serializer|dffes:data_buffer[4][14]|ff ; crc16:crc|lfsr_q[2]                                  ; clk          ; clk         ; 10.000       ; 0.000      ; 9.154      ;
; 0.516  ; acquisition_serializer:serializer|dffes:data_buffer[1][3]|ff  ; crc16:crc|lfsr_q[8]                                  ; clk          ; clk         ; 10.000       ; 0.000      ; 9.151      ;
; 0.520  ; acquisition_serializer:serializer|dffes:data_buffer[4][14]|ff ; crc16:crc|lfsr_q[14]                                 ; clk          ; clk         ; 10.000       ; 0.000      ; 9.147      ;
; 0.522  ; acquisition_serializer:serializer|dffes:data_buffer[2][5]|ff  ; crc16:crc|lfsr_q[6]                                  ; clk          ; clk         ; 10.000       ; 0.000      ; 9.145      ;
; 0.527  ; acquisition_serializer:serializer|dffes:data_buffer[2][5]|ff  ; crc16:crc|lfsr_q[13]                                 ; clk          ; clk         ; 10.000       ; 0.000      ; 9.140      ;
; 0.534  ; acquisition_serializer:serializer|dffes:data_buffer[4][7]|ff  ; crc16:crc|lfsr_q[7]                                  ; clk          ; clk         ; 10.000       ; 0.000      ; 9.133      ;
; 0.538  ; acquisition_serializer:serializer|dffes:data_buffer[0][5]|ff  ; crc16:crc|lfsr_q[5]                                  ; clk          ; clk         ; 10.000       ; 0.000      ; 9.129      ;
; 0.574  ; acquisition_serializer:serializer|dffes:data_buffer[0][5]|ff  ; crc16:crc|lfsr_q[6]                                  ; clk          ; clk         ; 10.000       ; 0.000      ; 9.093      ;
; 0.579  ; acquisition_serializer:serializer|dffes:data_buffer[0][5]|ff  ; crc16:crc|lfsr_q[13]                                 ; clk          ; clk         ; 10.000       ; 0.000      ; 9.088      ;
; 0.611  ; acquisition_serializer:serializer|dffes:data_buffer[2][12]|ff ; crc16:crc|lfsr_q[12]                                 ; clk          ; clk         ; 10.000       ; 0.000      ; 9.056      ;
; 0.632  ; acquisition_serializer:serializer|dffes:data_buffer[1][7]|ff  ; crc16:crc|lfsr_q[15]                                 ; clk          ; clk         ; 10.000       ; 0.000      ; 9.035      ;
; 0.633  ; acquisition_serializer:serializer|dffes:data_buffer[1][7]|ff  ; crc16:crc|lfsr_q[3]                                  ; clk          ; clk         ; 10.000       ; 0.000      ; 9.034      ;
; 0.644  ; acquisition_store:storer|counter:channel_counter|ffs[2]       ; crc16:crc|lfsr_q[10]                                 ; clk          ; clk         ; 10.000       ; 0.000      ; 9.023      ;
; 0.656  ; acquisition_serializer:serializer|dffes:data_buffer[0][7]|ff  ; crc16:crc|lfsr_q[15]                                 ; clk          ; clk         ; 10.000       ; 0.000      ; 9.011      ;
; 0.657  ; acquisition_serializer:serializer|dffes:data_buffer[0][7]|ff  ; crc16:crc|lfsr_q[3]                                  ; clk          ; clk         ; 10.000       ; 0.000      ; 9.010      ;
; 0.679  ; acquisition_store:storer|counter:channel_counter|ffs[2]       ; acquisition_ctrl:ctrl|counter:samples_counter|ffs[0] ; clk          ; clk         ; 10.000       ; 0.000      ; 8.988      ;
; 0.679  ; acquisition_store:storer|counter:channel_counter|ffs[0]       ; crc16:crc|lfsr_q[9]                                  ; clk          ; clk         ; 10.000       ; 0.000      ; 8.988      ;
; 0.682  ; acquisition_store:storer|counter:channel_counter|ffs[2]       ; acquisition_ctrl:ctrl|WAITING_END_OF_CYCLE           ; clk          ; clk         ; 10.000       ; 0.000      ; 8.985      ;
; 0.683  ; acquisition_store:storer|counter:channel_counter|ffs[0]       ; crc16:crc|lfsr_q[4]                                  ; clk          ; clk         ; 10.000       ; 0.000      ; 8.984      ;
; 0.684  ; acquisition_store:storer|counter:channel_counter|ffs[2]       ; acquisition_ctrl:ctrl|counter:samples_counter|ffs[1] ; clk          ; clk         ; 10.000       ; 0.000      ; 8.983      ;
; 0.684  ; acquisition_store:storer|counter:channel_counter|ffs[0]       ; crc16:crc|lfsr_q[11]                                 ; clk          ; clk         ; 10.000       ; 0.000      ; 8.983      ;
; 0.689  ; acquisition_serializer:serializer|dffes:data_buffer[0][0]|ff  ; crc16:crc|lfsr_q[5]                                  ; clk          ; clk         ; 10.000       ; 0.000      ; 8.978      ;
+--------+---------------------------------------------------------------+------------------------------------------------------+--------------+-------------+--------------+------------+------------+


+-------------------------------------------------------------------------------------------------------------------------------------------------------------------------------------------------------------+
; Hold: 'clk'                                                                                                                                                                                                 ;
+-------+---------------------------------------------------------------+---------------------------------------------------------------+--------------+-------------+--------------+------------+------------+
; Slack ; From Node                                                     ; To Node                                                       ; Launch Clock ; Latch Clock ; Relationship ; Clock Skew ; Data Delay ;
+-------+---------------------------------------------------------------+---------------------------------------------------------------+--------------+-------------+--------------+------------+------------+
; 1.375 ; acquisition_serializer:serializer|dffes:data_buffer[2][0]|ff  ; acquisition_serializer:serializer|dffes:data_buffer[2][1]|ff  ; clk          ; clk         ; 0.000        ; 0.000      ; 1.596      ;
; 1.375 ; acquisition_serializer:serializer|dffes:data_buffer[4][13]|ff ; acquisition_serializer:serializer|dffes:data_buffer[4][14]|ff ; clk          ; clk         ; 0.000        ; 0.000      ; 1.596      ;
; 1.377 ; acquisition_serializer:serializer|dffes:data_buffer[4][2]|ff  ; acquisition_serializer:serializer|dffes:data_buffer[4][3]|ff  ; clk          ; clk         ; 0.000        ; 0.000      ; 1.598      ;
; 1.377 ; acquisition_serializer:serializer|dffes:data_buffer[2][14]|ff ; acquisition_serializer:serializer|dffes:data_buffer[2][15]|ff ; clk          ; clk         ; 0.000        ; 0.000      ; 1.598      ;
; 1.379 ; acquisition_serializer:serializer|dffes:data_buffer[4][12]|ff ; acquisition_serializer:serializer|dffes:data_buffer[4][13]|ff ; clk          ; clk         ; 0.000        ; 0.000      ; 1.600      ;
; 1.380 ; acquisition_serializer:serializer|dffes:data_buffer[4][8]|ff  ; acquisition_serializer:serializer|dffes:data_buffer[4][9]|ff  ; clk          ; clk         ; 0.000        ; 0.000      ; 1.601      ;
; 1.381 ; acquisition_serializer:serializer|dffes:data_buffer[1][11]|ff ; acquisition_serializer:serializer|dffes:data_buffer[1][12]|ff ; clk          ; clk         ; 0.000        ; 0.000      ; 1.602      ;
; 1.397 ; acquisition_serializer:serializer|dffes:data_buffer[1][12]|ff ; acquisition_serializer:serializer|dffes:data_buffer[1][13]|ff ; clk          ; clk         ; 0.000        ; 0.000      ; 1.618      ;
; 1.400 ; acquisition_serializer:serializer|dffes:data_buffer[2][4]|ff  ; acquisition_serializer:serializer|dffes:data_buffer[2][5]|ff  ; clk          ; clk         ; 0.000        ; 0.000      ; 1.621      ;
; 1.401 ; acquisition_serializer:serializer|dffes:data_buffer[4][10]|ff ; acquisition_serializer:serializer|dffes:data_buffer[4][11]|ff ; clk          ; clk         ; 0.000        ; 0.000      ; 1.622      ;
; 1.401 ; acquisition_serializer:serializer|dffes:data_buffer[2][6]|ff  ; acquisition_serializer:serializer|dffes:data_buffer[2][7]|ff  ; clk          ; clk         ; 0.000        ; 0.000      ; 1.622      ;
; 1.404 ; acquisition_serializer:serializer|dffes:data_buffer[3][5]|ff  ; acquisition_serializer:serializer|dffes:data_buffer[3][6]|ff  ; clk          ; clk         ; 0.000        ; 0.000      ; 1.625      ;
; 1.411 ; acquisition_serializer:serializer|dffes:data_buffer[1][3]|ff  ; acquisition_serializer:serializer|dffes:data_buffer[1][4]|ff  ; clk          ; clk         ; 0.000        ; 0.000      ; 1.632      ;
; 1.412 ; acquisition_serializer:serializer|dffes:data_buffer[3][4]|ff  ; acquisition_serializer:serializer|dffes:data_buffer[3][5]|ff  ; clk          ; clk         ; 0.000        ; 0.000      ; 1.633      ;
; 1.641 ; acquisition_serializer:serializer|dffes:data_buffer[2][5]|ff  ; acquisition_serializer:serializer|dffes:data_buffer[2][6]|ff  ; clk          ; clk         ; 0.000        ; 0.000      ; 1.862      ;
; 1.642 ; acquisition_serializer:serializer|dffes:data_buffer[2][13]|ff ; acquisition_serializer:serializer|dffes:data_buffer[2][14]|ff ; clk          ; clk         ; 0.000        ; 0.000      ; 1.863      ;
; 1.644 ; acquisition_serializer:serializer|dffes:data_buffer[0][3]|ff  ; acquisition_serializer:serializer|dffes:data_buffer[0][4]|ff  ; clk          ; clk         ; 0.000        ; 0.000      ; 1.865      ;
; 1.651 ; acquisition_serializer:serializer|dffes:data_buffer[0][1]|ff  ; acquisition_serializer:serializer|dffes:data_buffer[0][2]|ff  ; clk          ; clk         ; 0.000        ; 0.000      ; 1.872      ;
; 1.651 ; acquisition_serializer:serializer|dffes:data_buffer[2][12]|ff ; acquisition_serializer:serializer|dffes:data_buffer[2][13]|ff ; clk          ; clk         ; 0.000        ; 0.000      ; 1.872      ;
; 1.655 ; acquisition_serializer:serializer|dffes:data_buffer[2][11]|ff ; acquisition_serializer:serializer|dffes:data_buffer[2][12]|ff ; clk          ; clk         ; 0.000        ; 0.000      ; 1.876      ;
; 1.675 ; acquisition_serializer:serializer|dffes:data_buffer[1][4]|ff  ; acquisition_serializer:serializer|dffes:data_buffer[1][5]|ff  ; clk          ; clk         ; 0.000        ; 0.000      ; 1.896      ;
; 1.678 ; acquisition_ctrl:ctrl|WAITING_START_LOW                       ; acquisition_ctrl:ctrl|WAITING_START_LOW                       ; clk          ; clk         ; 0.000        ; 0.000      ; 1.899      ;
; 1.687 ; acquisition_ctrl:ctrl|WAITING_START_LOW                       ; acquisition_ctrl:ctrl|WAITING_START_HIGH                      ; clk          ; clk         ; 0.000        ; 0.000      ; 1.908      ;
; 1.695 ; crc16:crc|lfsr_q[12]                                          ; crc16:crc|lfsr_q[4]                                           ; clk          ; clk         ; 0.000        ; 0.000      ; 1.916      ;
; 1.704 ; crc16:crc|lfsr_q[12]                                          ; crc16:crc|lfsr_q[9]                                           ; clk          ; clk         ; 0.000        ; 0.000      ; 1.925      ;
; 1.717 ; acquisition_ctrl:ctrl|STORING_CRC                             ; acquisition_ctrl:ctrl|STORING_CRC                             ; clk          ; clk         ; 0.000        ; 0.000      ; 1.938      ;
; 1.720 ; acquisition_ctrl:ctrl|STORING_CRC                             ; acquisition_ctrl:ctrl|dffes:store_crc_ff|ff                   ; clk          ; clk         ; 0.000        ; 0.000      ; 1.941      ;
; 1.781 ; acquisition_serializer:serializer|dffes:data_buffer[1][0]|ff  ; acquisition_serializer:serializer|dffes:data_buffer[1][1]|ff  ; clk          ; clk         ; 0.000        ; 0.000      ; 2.002      ;
; 1.787 ; acquisition_serializer:serializer|dffes:data_buffer[5][8]|ff  ; acquisition_serializer:serializer|dffes:data_buffer[5][9]|ff  ; clk          ; clk         ; 0.000        ; 0.000      ; 2.008      ;
; 1.789 ; acquisition_serializer:serializer|dffes:data_buffer[0][4]|ff  ; acquisition_serializer:serializer|dffes:data_buffer[0][5]|ff  ; clk          ; clk         ; 0.000        ; 0.000      ; 2.010      ;
; 1.795 ; acquisition_serializer:serializer|dffes:data_buffer[1][8]|ff  ; acquisition_serializer:serializer|dffes:data_buffer[1][9]|ff  ; clk          ; clk         ; 0.000        ; 0.000      ; 2.016      ;
; 1.801 ; acquisition_serializer:serializer|dffes:data_buffer[3][12]|ff ; acquisition_serializer:serializer|dffes:data_buffer[3][13]|ff ; clk          ; clk         ; 0.000        ; 0.000      ; 2.022      ;
; 1.803 ; acquisition_serializer:serializer|dffes:data_buffer[3][13]|ff ; acquisition_serializer:serializer|dffes:data_buffer[3][14]|ff ; clk          ; clk         ; 0.000        ; 0.000      ; 2.024      ;
; 1.804 ; acquisition_serializer:serializer|dffes:data_buffer[5][3]|ff  ; acquisition_serializer:serializer|dffes:data_buffer[5][4]|ff  ; clk          ; clk         ; 0.000        ; 0.000      ; 2.025      ;
; 1.807 ; acquisition_serializer:serializer|dffes:data_buffer[4][6]|ff  ; acquisition_serializer:serializer|dffes:data_buffer[4][7]|ff  ; clk          ; clk         ; 0.000        ; 0.000      ; 2.028      ;
; 1.833 ; acquisition_serializer:serializer|dffes:data_buffer[2][2]|ff  ; acquisition_serializer:serializer|dffes:data_buffer[2][3]|ff  ; clk          ; clk         ; 0.000        ; 0.000      ; 2.054      ;
; 1.903 ; acquisition_store:storer|CS1a                                 ; acquisition_store:storer|dffes:data_bus_out_ff|ff             ; clk          ; clk         ; 0.000        ; 0.000      ; 2.124      ;
; 1.945 ; acquisition_ctrl:ctrl|dffes:store_crc_ff|ff                   ; acquisition_ctrl:ctrl|dffes:store_crc_ff|ff                   ; clk          ; clk         ; 0.000        ; 0.000      ; 2.166      ;
; 1.948 ; dffes:start_ff|ff                                             ; acquisition_ctrl:ctrl|WAITING_START_HIGH                      ; clk          ; clk         ; 0.000        ; 0.000      ; 2.169      ;
; 1.948 ; acquisition_ctrl:ctrl|dffes:store_crc_ff|ff                   ; acquisition_ctrl:ctrl|dffes:busy_ff|ff                        ; clk          ; clk         ; 0.000        ; 0.000      ; 2.169      ;
; 1.950 ; acquisition_ctrl:ctrl|dffes:store_crc_ff|ff                   ; acquisition_ctrl:ctrl|STORING_CRC                             ; clk          ; clk         ; 0.000        ; 0.000      ; 2.171      ;
; 1.956 ; acquisition_store:storer|WAIT_END                             ; acquisition_store:storer|WAIT_STORE                           ; clk          ; clk         ; 0.000        ; 0.000      ; 2.177      ;
; 1.963 ; acquisition_ctrl:ctrl|counter:clock_counter|ffs[0]            ; acquisition_ctrl:ctrl|counter:clock_counter|ffs[0]            ; clk          ; clk         ; 0.000        ; 0.000      ; 2.184      ;
; 1.971 ; acquisition_ctrl:ctrl|SERIALIZING                             ; acquisition_ctrl:ctrl|SERIALIZING                             ; clk          ; clk         ; 0.000        ; 0.000      ; 2.192      ;
; 1.983 ; acquisition_ctrl:ctrl|SERIALIZING                             ; acquisition_ctrl:ctrl|dffes:serialize_ff|ff                   ; clk          ; clk         ; 0.000        ; 0.000      ; 2.204      ;
; 1.996 ; acquisition_ctrl:ctrl|counter:samples_counter|ffs[0]          ; acquisition_ctrl:ctrl|counter:samples_counter|ffs[1]          ; clk          ; clk         ; 0.000        ; 0.000      ; 2.217      ;
; 2.048 ; acquisition_store:storer|CS1a                                 ; acquisition_store:storer|CS0a                                 ; clk          ; clk         ; 0.000        ; 0.000      ; 2.269      ;
; 2.073 ; acquisition_serializer:serializer|dffes:data_buffer[4][0]|ff  ; acquisition_serializer:serializer|dffes:data_buffer[4][1]|ff  ; clk          ; clk         ; 0.000        ; 0.000      ; 2.294      ;
; 2.082 ; acquisition_serializer:serializer|dffes:data_buffer[0][0]|ff  ; acquisition_serializer:serializer|dffes:data_buffer[0][1]|ff  ; clk          ; clk         ; 0.000        ; 0.000      ; 2.303      ;
; 2.118 ; acquisition_serializer:serializer|dffes:data_buffer[1][1]|ff  ; acquisition_serializer:serializer|dffes:data_buffer[1][2]|ff  ; clk          ; clk         ; 0.000        ; 0.000      ; 2.339      ;
; 2.126 ; acquisition_ctrl:ctrl|counter:clock_counter|ffs[2]            ; acquisition_ctrl:ctrl|counter:clock_counter|ffs[2]            ; clk          ; clk         ; 0.000        ; 0.000      ; 2.347      ;
; 2.127 ; acquisition_ctrl:ctrl|counter:clock_counter|ffs[3]            ; acquisition_ctrl:ctrl|counter:clock_counter|ffs[3]            ; clk          ; clk         ; 0.000        ; 0.000      ; 2.348      ;
; 2.129 ; acquisition_ctrl:ctrl|STORING                                 ; acquisition_ctrl:ctrl|dffes:store_ff|ff                       ; clk          ; clk         ; 0.000        ; 0.000      ; 2.350      ;
; 2.131 ; acquisition_ctrl:ctrl|AQUISITIONING                           ; acquisition_ctrl:ctrl|WAIT_STATE                              ; clk          ; clk         ; 0.000        ; 0.000      ; 2.352      ;
; 2.149 ; acquisition_ctrl:ctrl|counter:clock_counter|ffs[1]            ; acquisition_ctrl:ctrl|counter:clock_counter|ffs[1]            ; clk          ; clk         ; 0.000        ; 0.000      ; 2.370      ;
; 2.153 ; acquisition_ctrl:ctrl|counter:clock_counter|ffs[8]            ; acquisition_ctrl:ctrl|counter:clock_counter|ffs[8]            ; clk          ; clk         ; 0.000        ; 0.000      ; 2.374      ;
; 2.163 ; acquisition_ctrl:ctrl|WAITING_START_HIGH                      ; acquisition_ctrl:ctrl|WAITING_START_HIGH                      ; clk          ; clk         ; 0.000        ; 0.000      ; 2.384      ;
; 2.189 ; acquisition_ctrl:ctrl|STORING_CRC                             ; acquisition_ctrl:ctrl|dffes:busy_ff|ff                        ; clk          ; clk         ; 0.000        ; 0.000      ; 2.410      ;
; 2.200 ; acquisition_ctrl:ctrl|WAITING_END_OF_CYCLE                    ; acquisition_ctrl:ctrl|STORING_CRC                             ; clk          ; clk         ; 0.000        ; 0.000      ; 2.421      ;
; 2.202 ; acquisition_ctrl:ctrl|WAITING_END_OF_CYCLE                    ; acquisition_ctrl:ctrl|dffes:store_crc_ff|ff                   ; clk          ; clk         ; 0.000        ; 0.000      ; 2.423      ;
; 2.216 ; acquisition_store:storer|CS0a                                 ; acquisition_store:storer|dffes:we_n_ff|ff                     ; clk          ; clk         ; 0.000        ; 0.000      ; 2.437      ;
; 2.222 ; crc16:crc|lfsr_q[4]                                           ; crc16:crc|lfsr_q[12]                                          ; clk          ; clk         ; 0.000        ; 0.000      ; 2.443      ;
; 2.232 ; acquisition_serializer:serializer|counter:count|ffs[0]        ; acquisition_serializer:serializer|counter:count|ffs[0]        ; clk          ; clk         ; 0.000        ; 0.000      ; 2.453      ;
; 2.241 ; acquisition_ctrl:ctrl|counter:clock_counter|ffs[4]            ; acquisition_ctrl:ctrl|counter:clock_counter|ffs[4]            ; clk          ; clk         ; 0.000        ; 0.000      ; 2.462      ;
; 2.249 ; acquisition_ctrl:ctrl|counter:clock_counter|ffs[7]            ; acquisition_ctrl:ctrl|counter:clock_counter|ffs[7]            ; clk          ; clk         ; 0.000        ; 0.000      ; 2.470      ;
; 2.259 ; crc16:crc|lfsr_q[13]                                          ; crc16:crc|lfsr_q[10]                                          ; clk          ; clk         ; 0.000        ; 0.000      ; 2.480      ;
; 2.260 ; acquisition_ctrl:ctrl|counter:clock_counter|ffs[6]            ; acquisition_ctrl:ctrl|counter:clock_counter|ffs[6]            ; clk          ; clk         ; 0.000        ; 0.000      ; 2.481      ;
; 2.262 ; acquisition_ctrl:ctrl|counter:clock_counter|ffs[5]            ; acquisition_ctrl:ctrl|counter:clock_counter|ffs[5]            ; clk          ; clk         ; 0.000        ; 0.000      ; 2.483      ;
; 2.270 ; dffes:start_ff|ff                                             ; acquisition_ctrl:ctrl|WAITING_START_LOW                       ; clk          ; clk         ; 0.000        ; 0.000      ; 2.491      ;
; 2.270 ; acquisition_ctrl:ctrl|STORING                                 ; acquisition_ctrl:ctrl|STORING                                 ; clk          ; clk         ; 0.000        ; 0.000      ; 2.491      ;
; 2.277 ; acquisition_serializer:serializer|dffes:div2_clock|ff         ; acquisition_serializer:serializer|dffes:div2_clock|ff         ; clk          ; clk         ; 0.000        ; 0.000      ; 2.498      ;
; 2.277 ; acquisition_store:storer|WAIT_STORE                           ; acquisition_store:storer|WAIT_STORE                           ; clk          ; clk         ; 0.000        ; 0.000      ; 2.498      ;
; 2.280 ; acquisition_serializer:serializer|dffes:div2_clock|ff         ; acquisition_serializer:serializer|dffes:serialize_ok_ff|ff    ; clk          ; clk         ; 0.000        ; 0.000      ; 2.501      ;
; 2.296 ; acquisition_ctrl:ctrl|SERIALIZING                             ; acquisition_ctrl:ctrl|STORING                                 ; clk          ; clk         ; 0.000        ; 0.000      ; 2.517      ;
; 2.313 ; acquisition_store:storer|INC_CHANNEL                          ; acquisition_store:storer|WAIT_END                             ; clk          ; clk         ; 0.000        ; 0.000      ; 2.534      ;
; 2.314 ; acquisition_ctrl:ctrl|counter:samples_counter|ffs[0]          ; acquisition_ctrl:ctrl|counter:samples_counter|ffs[0]          ; clk          ; clk         ; 0.000        ; 0.000      ; 2.535      ;
; 2.330 ; acquisition_store:storer|counter:channel_counter|ffs[0]       ; acquisition_store:storer|counter:channel_counter|ffs[0]       ; clk          ; clk         ; 0.000        ; 0.000      ; 2.551      ;
; 2.335 ; acquisition_serializer:serializer|dffes:data_buffer[1][7]|ff  ; acquisition_serializer:serializer|dffes:data_buffer[1][8]|ff  ; clk          ; clk         ; 0.000        ; 0.000      ; 2.556      ;
; 2.348 ; acquisition_serializer:serializer|dffes:data_buffer[0][2]|ff  ; acquisition_serializer:serializer|dffes:data_buffer[0][3]|ff  ; clk          ; clk         ; 0.000        ; 0.000      ; 2.569      ;
; 2.354 ; acquisition_serializer:serializer|dffes:data_buffer[2][1]|ff  ; acquisition_serializer:serializer|dffes:data_buffer[2][2]|ff  ; clk          ; clk         ; 0.000        ; 0.000      ; 2.575      ;
; 2.359 ; acquisition_serializer:serializer|dffes:data_buffer[4][1]|ff  ; acquisition_serializer:serializer|dffes:data_buffer[4][2]|ff  ; clk          ; clk         ; 0.000        ; 0.000      ; 2.580      ;
; 2.372 ; acquisition_serializer:serializer|dffes:data_buffer[5][14]|ff ; acquisition_serializer:serializer|dffes:data_buffer[5][15]|ff ; clk          ; clk         ; 0.000        ; 0.000      ; 2.593      ;
; 2.385 ; acquisition_serializer:serializer|dffes:data_buffer[0][13]|ff ; acquisition_serializer:serializer|dffes:data_buffer[0][14]|ff ; clk          ; clk         ; 0.000        ; 0.000      ; 2.606      ;
; 2.434 ; acquisition_serializer:serializer|dffes:data_buffer[0][8]|ff  ; acquisition_serializer:serializer|dffes:data_buffer[0][9]|ff  ; clk          ; clk         ; 0.000        ; 0.000      ; 2.655      ;
; 2.452 ; acquisition_serializer:serializer|dffes:data_buffer[0][14]|ff ; acquisition_serializer:serializer|dffes:data_buffer[0][15]|ff ; clk          ; clk         ; 0.000        ; 0.000      ; 2.673      ;
; 2.464 ; acquisition_serializer:serializer|dffes:data_buffer[3][3]|ff  ; acquisition_serializer:serializer|dffes:data_buffer[3][4]|ff  ; clk          ; clk         ; 0.000        ; 0.000      ; 2.685      ;
; 2.476 ; acquisition_serializer:serializer|dffes:data_buffer[3][1]|ff  ; acquisition_serializer:serializer|dffes:data_buffer[3][2]|ff  ; clk          ; clk         ; 0.000        ; 0.000      ; 2.697      ;
; 2.490 ; acquisition_serializer:serializer|dffes:data_buffer[0][7]|ff  ; acquisition_serializer:serializer|dffes:data_buffer[0][8]|ff  ; clk          ; clk         ; 0.000        ; 0.000      ; 2.711      ;
; 2.494 ; acquisition_serializer:serializer|dffes:data_buffer[3][7]|ff  ; acquisition_serializer:serializer|dffes:data_buffer[3][8]|ff  ; clk          ; clk         ; 0.000        ; 0.000      ; 2.715      ;
; 2.494 ; acquisition_serializer:serializer|dffes:data_buffer[2][10]|ff ; acquisition_serializer:serializer|dffes:data_buffer[2][11]|ff ; clk          ; clk         ; 0.000        ; 0.000      ; 2.715      ;
; 2.496 ; acquisition_serializer:serializer|dffes:data_buffer[1][9]|ff  ; acquisition_serializer:serializer|dffes:data_buffer[1][10]|ff ; clk          ; clk         ; 0.000        ; 0.000      ; 2.717      ;
; 2.502 ; acquisition_serializer:serializer|dffes:data_buffer[0][11]|ff ; acquisition_serializer:serializer|dffes:data_buffer[0][12]|ff ; clk          ; clk         ; 0.000        ; 0.000      ; 2.723      ;
; 2.508 ; acquisition_serializer:serializer|dffes:data_buffer[5][10]|ff ; acquisition_serializer:serializer|dffes:data_buffer[5][11]|ff ; clk          ; clk         ; 0.000        ; 0.000      ; 2.729      ;
; 2.509 ; acquisition_serializer:serializer|dffes:data_buffer[3][2]|ff  ; acquisition_serializer:serializer|dffes:data_buffer[3][3]|ff  ; clk          ; clk         ; 0.000        ; 0.000      ; 2.730      ;
; 2.510 ; acquisition_serializer:serializer|dffes:data_buffer[5][1]|ff  ; acquisition_serializer:serializer|dffes:data_buffer[5][2]|ff  ; clk          ; clk         ; 0.000        ; 0.000      ; 2.731      ;
; 2.515 ; acquisition_store:storer|CS1a                                 ; acquisition_store:storer|dffes:we_n_ff|ff                     ; clk          ; clk         ; 0.000        ; 0.000      ; 2.736      ;
; 2.538 ; acquisition_store:storer|INC_CHANNEL                          ; acquisition_ctrl:ctrl|STORING                                 ; clk          ; clk         ; 0.000        ; 0.000      ; 2.759      ;
; 2.540 ; acquisition_ctrl:ctrl|counter:samples_counter|ffs[1]          ; acquisition_ctrl:ctrl|counter:samples_counter|ffs[1]          ; clk          ; clk         ; 0.000        ; 0.000      ; 2.761      ;
; 2.561 ; acquisition_serializer:serializer|dffes:data_buffer[1][2]|ff  ; acquisition_serializer:serializer|dffes:data_buffer[1][3]|ff  ; clk          ; clk         ; 0.000        ; 0.000      ; 2.782      ;
; 2.562 ; acquisition_serializer:serializer|dffes:data_buffer[3][0]|ff  ; acquisition_serializer:serializer|dffes:data_buffer[3][1]|ff  ; clk          ; clk         ; 0.000        ; 0.000      ; 2.783      ;
+-------+---------------------------------------------------------------+---------------------------------------------------------------+--------------+-------------+--------------+------------+------------+


+-----------------------------------------------------------------------------------------------------------------------------------------------+
; Recovery: 'clk'                                                                                                                               ;
+-------+------------------------------------------+----------------------+--------------+-------------+--------------+------------+------------+
; Slack ; From Node                                ; To Node              ; Launch Clock ; Latch Clock ; Relationship ; Clock Skew ; Data Delay ;
+-------+------------------------------------------+----------------------+--------------+-------------+--------------+------------+------------+
; 2.763 ; acquisition_ctrl:ctrl|WAITING_START_HIGH ; crc16:crc|lfsr_q[0]  ; clk          ; clk         ; 10.000       ; 0.000      ; 6.904      ;
; 2.763 ; acquisition_ctrl:ctrl|WAITING_START_HIGH ; crc16:crc|lfsr_q[1]  ; clk          ; clk         ; 10.000       ; 0.000      ; 6.904      ;
; 2.763 ; acquisition_ctrl:ctrl|WAITING_START_HIGH ; crc16:crc|lfsr_q[2]  ; clk          ; clk         ; 10.000       ; 0.000      ; 6.904      ;
; 2.763 ; acquisition_ctrl:ctrl|WAITING_START_HIGH ; crc16:crc|lfsr_q[3]  ; clk          ; clk         ; 10.000       ; 0.000      ; 6.904      ;
; 2.763 ; acquisition_ctrl:ctrl|WAITING_START_HIGH ; crc16:crc|lfsr_q[9]  ; clk          ; clk         ; 10.000       ; 0.000      ; 6.904      ;
; 2.763 ; acquisition_ctrl:ctrl|WAITING_START_HIGH ; crc16:crc|lfsr_q[5]  ; clk          ; clk         ; 10.000       ; 0.000      ; 6.904      ;
; 2.763 ; acquisition_ctrl:ctrl|WAITING_START_HIGH ; crc16:crc|lfsr_q[13] ; clk          ; clk         ; 10.000       ; 0.000      ; 6.904      ;
; 2.763 ; acquisition_ctrl:ctrl|WAITING_START_HIGH ; crc16:crc|lfsr_q[10] ; clk          ; clk         ; 10.000       ; 0.000      ; 6.904      ;
; 2.763 ; acquisition_ctrl:ctrl|WAITING_START_HIGH ; crc16:crc|lfsr_q[6]  ; clk          ; clk         ; 10.000       ; 0.000      ; 6.904      ;
; 2.763 ; acquisition_ctrl:ctrl|WAITING_START_HIGH ; crc16:crc|lfsr_q[14] ; clk          ; clk         ; 10.000       ; 0.000      ; 6.904      ;
; 2.763 ; acquisition_ctrl:ctrl|WAITING_START_HIGH ; crc16:crc|lfsr_q[7]  ; clk          ; clk         ; 10.000       ; 0.000      ; 6.904      ;
; 2.763 ; acquisition_ctrl:ctrl|WAITING_START_HIGH ; crc16:crc|lfsr_q[15] ; clk          ; clk         ; 10.000       ; 0.000      ; 6.904      ;
; 2.763 ; acquisition_ctrl:ctrl|WAITING_START_HIGH ; crc16:crc|lfsr_q[11] ; clk          ; clk         ; 10.000       ; 0.000      ; 6.904      ;
; 2.763 ; acquisition_ctrl:ctrl|WAITING_START_HIGH ; crc16:crc|lfsr_q[8]  ; clk          ; clk         ; 10.000       ; 0.000      ; 6.904      ;
; 2.763 ; acquisition_ctrl:ctrl|WAITING_START_HIGH ; crc16:crc|lfsr_q[12] ; clk          ; clk         ; 10.000       ; 0.000      ; 6.904      ;
; 2.763 ; acquisition_ctrl:ctrl|WAITING_START_HIGH ; crc16:crc|lfsr_q[4]  ; clk          ; clk         ; 10.000       ; 0.000      ; 6.904      ;
; 3.856 ; dffes:start_ff|ff                        ; crc16:crc|lfsr_q[0]  ; clk          ; clk         ; 10.000       ; 0.000      ; 5.811      ;
; 3.856 ; dffes:start_ff|ff                        ; crc16:crc|lfsr_q[1]  ; clk          ; clk         ; 10.000       ; 0.000      ; 5.811      ;
; 3.856 ; dffes:start_ff|ff                        ; crc16:crc|lfsr_q[2]  ; clk          ; clk         ; 10.000       ; 0.000      ; 5.811      ;
; 3.856 ; dffes:start_ff|ff                        ; crc16:crc|lfsr_q[3]  ; clk          ; clk         ; 10.000       ; 0.000      ; 5.811      ;
; 3.856 ; dffes:start_ff|ff                        ; crc16:crc|lfsr_q[9]  ; clk          ; clk         ; 10.000       ; 0.000      ; 5.811      ;
; 3.856 ; dffes:start_ff|ff                        ; crc16:crc|lfsr_q[5]  ; clk          ; clk         ; 10.000       ; 0.000      ; 5.811      ;
; 3.856 ; dffes:start_ff|ff                        ; crc16:crc|lfsr_q[13] ; clk          ; clk         ; 10.000       ; 0.000      ; 5.811      ;
; 3.856 ; dffes:start_ff|ff                        ; crc16:crc|lfsr_q[10] ; clk          ; clk         ; 10.000       ; 0.000      ; 5.811      ;
; 3.856 ; dffes:start_ff|ff                        ; crc16:crc|lfsr_q[6]  ; clk          ; clk         ; 10.000       ; 0.000      ; 5.811      ;
; 3.856 ; dffes:start_ff|ff                        ; crc16:crc|lfsr_q[14] ; clk          ; clk         ; 10.000       ; 0.000      ; 5.811      ;
; 3.856 ; dffes:start_ff|ff                        ; crc16:crc|lfsr_q[7]  ; clk          ; clk         ; 10.000       ; 0.000      ; 5.811      ;
; 3.856 ; dffes:start_ff|ff                        ; crc16:crc|lfsr_q[15] ; clk          ; clk         ; 10.000       ; 0.000      ; 5.811      ;
; 3.856 ; dffes:start_ff|ff                        ; crc16:crc|lfsr_q[11] ; clk          ; clk         ; 10.000       ; 0.000      ; 5.811      ;
; 3.856 ; dffes:start_ff|ff                        ; crc16:crc|lfsr_q[8]  ; clk          ; clk         ; 10.000       ; 0.000      ; 5.811      ;
; 3.856 ; dffes:start_ff|ff                        ; crc16:crc|lfsr_q[12] ; clk          ; clk         ; 10.000       ; 0.000      ; 5.811      ;
; 3.856 ; dffes:start_ff|ff                        ; crc16:crc|lfsr_q[4]  ; clk          ; clk         ; 10.000       ; 0.000      ; 5.811      ;
+-------+------------------------------------------+----------------------+--------------+-------------+--------------+------------+------------+


+-----------------------------------------------------------------------------------------------------------------------------------------------+
; Removal: 'clk'                                                                                                                                ;
+-------+------------------------------------------+----------------------+--------------+-------------+--------------+------------+------------+
; Slack ; From Node                                ; To Node              ; Launch Clock ; Latch Clock ; Relationship ; Clock Skew ; Data Delay ;
+-------+------------------------------------------+----------------------+--------------+-------------+--------------+------------+------------+
; 5.590 ; dffes:start_ff|ff                        ; crc16:crc|lfsr_q[0]  ; clk          ; clk         ; 0.000        ; 0.000      ; 5.811      ;
; 5.590 ; dffes:start_ff|ff                        ; crc16:crc|lfsr_q[1]  ; clk          ; clk         ; 0.000        ; 0.000      ; 5.811      ;
; 5.590 ; dffes:start_ff|ff                        ; crc16:crc|lfsr_q[2]  ; clk          ; clk         ; 0.000        ; 0.000      ; 5.811      ;
; 5.590 ; dffes:start_ff|ff                        ; crc16:crc|lfsr_q[3]  ; clk          ; clk         ; 0.000        ; 0.000      ; 5.811      ;
; 5.590 ; dffes:start_ff|ff                        ; crc16:crc|lfsr_q[9]  ; clk          ; clk         ; 0.000        ; 0.000      ; 5.811      ;
; 5.590 ; dffes:start_ff|ff                        ; crc16:crc|lfsr_q[5]  ; clk          ; clk         ; 0.000        ; 0.000      ; 5.811      ;
; 5.590 ; dffes:start_ff|ff                        ; crc16:crc|lfsr_q[13] ; clk          ; clk         ; 0.000        ; 0.000      ; 5.811      ;
; 5.590 ; dffes:start_ff|ff                        ; crc16:crc|lfsr_q[10] ; clk          ; clk         ; 0.000        ; 0.000      ; 5.811      ;
; 5.590 ; dffes:start_ff|ff                        ; crc16:crc|lfsr_q[6]  ; clk          ; clk         ; 0.000        ; 0.000      ; 5.811      ;
; 5.590 ; dffes:start_ff|ff                        ; crc16:crc|lfsr_q[14] ; clk          ; clk         ; 0.000        ; 0.000      ; 5.811      ;
; 5.590 ; dffes:start_ff|ff                        ; crc16:crc|lfsr_q[7]  ; clk          ; clk         ; 0.000        ; 0.000      ; 5.811      ;
; 5.590 ; dffes:start_ff|ff                        ; crc16:crc|lfsr_q[15] ; clk          ; clk         ; 0.000        ; 0.000      ; 5.811      ;
; 5.590 ; dffes:start_ff|ff                        ; crc16:crc|lfsr_q[11] ; clk          ; clk         ; 0.000        ; 0.000      ; 5.811      ;
; 5.590 ; dffes:start_ff|ff                        ; crc16:crc|lfsr_q[8]  ; clk          ; clk         ; 0.000        ; 0.000      ; 5.811      ;
; 5.590 ; dffes:start_ff|ff                        ; crc16:crc|lfsr_q[12] ; clk          ; clk         ; 0.000        ; 0.000      ; 5.811      ;
; 5.590 ; dffes:start_ff|ff                        ; crc16:crc|lfsr_q[4]  ; clk          ; clk         ; 0.000        ; 0.000      ; 5.811      ;
; 6.683 ; acquisition_ctrl:ctrl|WAITING_START_HIGH ; crc16:crc|lfsr_q[0]  ; clk          ; clk         ; 0.000        ; 0.000      ; 6.904      ;
; 6.683 ; acquisition_ctrl:ctrl|WAITING_START_HIGH ; crc16:crc|lfsr_q[1]  ; clk          ; clk         ; 0.000        ; 0.000      ; 6.904      ;
; 6.683 ; acquisition_ctrl:ctrl|WAITING_START_HIGH ; crc16:crc|lfsr_q[2]  ; clk          ; clk         ; 0.000        ; 0.000      ; 6.904      ;
; 6.683 ; acquisition_ctrl:ctrl|WAITING_START_HIGH ; crc16:crc|lfsr_q[3]  ; clk          ; clk         ; 0.000        ; 0.000      ; 6.904      ;
; 6.683 ; acquisition_ctrl:ctrl|WAITING_START_HIGH ; crc16:crc|lfsr_q[9]  ; clk          ; clk         ; 0.000        ; 0.000      ; 6.904      ;
; 6.683 ; acquisition_ctrl:ctrl|WAITING_START_HIGH ; crc16:crc|lfsr_q[5]  ; clk          ; clk         ; 0.000        ; 0.000      ; 6.904      ;
; 6.683 ; acquisition_ctrl:ctrl|WAITING_START_HIGH ; crc16:crc|lfsr_q[13] ; clk          ; clk         ; 0.000        ; 0.000      ; 6.904      ;
; 6.683 ; acquisition_ctrl:ctrl|WAITING_START_HIGH ; crc16:crc|lfsr_q[10] ; clk          ; clk         ; 0.000        ; 0.000      ; 6.904      ;
; 6.683 ; acquisition_ctrl:ctrl|WAITING_START_HIGH ; crc16:crc|lfsr_q[6]  ; clk          ; clk         ; 0.000        ; 0.000      ; 6.904      ;
; 6.683 ; acquisition_ctrl:ctrl|WAITING_START_HIGH ; crc16:crc|lfsr_q[14] ; clk          ; clk         ; 0.000        ; 0.000      ; 6.904      ;
; 6.683 ; acquisition_ctrl:ctrl|WAITING_START_HIGH ; crc16:crc|lfsr_q[7]  ; clk          ; clk         ; 0.000        ; 0.000      ; 6.904      ;
; 6.683 ; acquisition_ctrl:ctrl|WAITING_START_HIGH ; crc16:crc|lfsr_q[15] ; clk          ; clk         ; 0.000        ; 0.000      ; 6.904      ;
; 6.683 ; acquisition_ctrl:ctrl|WAITING_START_HIGH ; crc16:crc|lfsr_q[11] ; clk          ; clk         ; 0.000        ; 0.000      ; 6.904      ;
; 6.683 ; acquisition_ctrl:ctrl|WAITING_START_HIGH ; crc16:crc|lfsr_q[8]  ; clk          ; clk         ; 0.000        ; 0.000      ; 6.904      ;
; 6.683 ; acquisition_ctrl:ctrl|WAITING_START_HIGH ; crc16:crc|lfsr_q[12] ; clk          ; clk         ; 0.000        ; 0.000      ; 6.904      ;
; 6.683 ; acquisition_ctrl:ctrl|WAITING_START_HIGH ; crc16:crc|lfsr_q[4]  ; clk          ; clk         ; 0.000        ; 0.000      ; 6.904      ;
+-------+------------------------------------------+----------------------+--------------+-------------+--------------+------------+------------+


+-------------------------------------------------------------------+
; Setup Transfers                                                   ;
+------------+----------+----------+----------+----------+----------+
; From Clock ; To Clock ; RR Paths ; FR Paths ; RF Paths ; FF Paths ;
+------------+----------+----------+----------+----------+----------+
; clk        ; clk      ; 2725     ; 0        ; 0        ; 0        ;
+------------+----------+----------+----------+----------+----------+
Entries labeled "false path" only account for clock-to-clock false paths and not path-based false paths. As a result, actual path counts may be lower than reported.


+-------------------------------------------------------------------+
; Hold Transfers                                                    ;
+------------+----------+----------+----------+----------+----------+
; From Clock ; To Clock ; RR Paths ; FR Paths ; RF Paths ; FF Paths ;
+------------+----------+----------+----------+----------+----------+
; clk        ; clk      ; 2725     ; 0        ; 0        ; 0        ;
+------------+----------+----------+----------+----------+----------+
Entries labeled "false path" only account for clock-to-clock false paths and not path-based false paths. As a result, actual path counts may be lower than reported.


+-------------------------------------------------------------------+
; Recovery Transfers                                                ;
+------------+----------+----------+----------+----------+----------+
; From Clock ; To Clock ; RR Paths ; FR Paths ; RF Paths ; FF Paths ;
+------------+----------+----------+----------+----------+----------+
; clk        ; clk      ; 32       ; 0        ; 0        ; 0        ;
+------------+----------+----------+----------+----------+----------+
Entries labeled "false path" only account for clock-to-clock false paths and not path-based false paths. As a result, actual path counts may be lower than reported.


+-------------------------------------------------------------------+
; Removal Transfers                                                 ;
+------------+----------+----------+----------+----------+----------+
; From Clock ; To Clock ; RR Paths ; FR Paths ; RF Paths ; FF Paths ;
+------------+----------+----------+----------+----------+----------+
; clk        ; clk      ; 32       ; 0        ; 0        ; 0        ;
+------------+----------+----------+----------+----------+----------+
Entries labeled "false path" only account for clock-to-clock false paths and not path-based false paths. As a result, actual path counts may be lower than reported.


---------------
; Report TCCS ;
---------------
No dedicated SERDES Transmitter circuitry present in device or used in design


---------------
; Report RSKM ;
---------------
No non-DPA dedicated SERDES Receiver circuitry present in device or used in design


+------------------------------------------------+
; Unconstrained Paths Summary                    ;
+---------------------------------+-------+------+
; Property                        ; Setup ; Hold ;
+---------------------------------+-------+------+
; Illegal Clocks                  ; 0     ; 0    ;
; Unconstrained Clocks            ; 0     ; 0    ;
; Unconstrained Input Ports       ; 11    ; 11   ;
; Unconstrained Input Port Paths  ; 79    ; 79   ;
; Unconstrained Output Ports      ; 32    ; 32   ;
; Unconstrained Output Port Paths ; 154   ; 154  ;
+---------------------------------+-------+------+


+-------------------------------------+
; Clock Status Summary                ;
+--------+-------+------+-------------+
; Target ; Clock ; Type ; Status      ;
+--------+-------+------+-------------+
; clk    ; clk   ; Base ; Constrained ;
+--------+-------+------+-------------+


+------------------------------------------------------------------------------------------------------+
; Unconstrained Input Ports                                                                            ;
+---------------+--------------------------------------------------------------------------------------+
; Input Port    ; Comment                                                                              ;
+---------------+--------------------------------------------------------------------------------------+
; changing_mode ; No input delay, min/max delays, false-path exceptions, or max skew assignments found ;
; mode[0]       ; No input delay, min/max delays, false-path exceptions, or max skew assignments found ;
; mode[1]       ; No input delay, min/max delays, false-path exceptions, or max skew assignments found ;
; sdi[0]        ; No input delay, min/max delays, false-path exceptions, or max skew assignments found ;
; sdi[1]        ; No input delay, min/max delays, false-path exceptions, or max skew assignments found ;
; sdi[2]        ; No input delay, min/max delays, false-path exceptions, or max skew assignments found ;
; sdi[3]        ; No input delay, min/max delays, false-path exceptions, or max skew assignments found ;
; sdi[4]        ; No input delay, min/max delays, false-path exceptions, or max skew assignments found ;
; sdi[5]        ; No input delay, min/max delays, false-path exceptions, or max skew assignments found ;
; sreset        ; No input delay, min/max delays, false-path exceptions, or max skew assignments found ;
; start         ; No input delay, min/max delays, false-path exceptions, or max skew assignments found ;
+---------------+--------------------------------------------------------------------------------------+


+--------------------------------------------------------------------------------------------------------+
; Unconstrained Output Ports                                                                             ;
+----------------+---------------------------------------------------------------------------------------+
; Output Port    ; Comment                                                                               ;
+----------------+---------------------------------------------------------------------------------------+
; addr_clr       ; No output delay, min/max delays, false-path exceptions, or max skew assignments found ;
; addr_inc       ; No output delay, min/max delays, false-path exceptions, or max skew assignments found ;
; busy           ; No output delay, min/max delays, false-path exceptions, or max skew assignments found ;
; convst         ; No output delay, min/max delays, false-path exceptions, or max skew assignments found ;
; cs_n           ; No output delay, min/max delays, false-path exceptions, or max skew assignments found ;
; data[0]        ; No output delay, min/max delays, false-path exceptions, or max skew assignments found ;
; data[1]        ; No output delay, min/max delays, false-path exceptions, or max skew assignments found ;
; data[2]        ; No output delay, min/max delays, false-path exceptions, or max skew assignments found ;
; data[3]        ; No output delay, min/max delays, false-path exceptions, or max skew assignments found ;
; data[4]        ; No output delay, min/max delays, false-path exceptions, or max skew assignments found ;
; data[5]        ; No output delay, min/max delays, false-path exceptions, or max skew assignments found ;
; data[6]        ; No output delay, min/max delays, false-path exceptions, or max skew assignments found ;
; data[7]        ; No output delay, min/max delays, false-path exceptions, or max skew assignments found ;
; data_bus_out   ; No output delay, min/max delays, false-path exceptions, or max skew assignments found ;
; sclk_          ; No output delay, min/max delays, false-path exceptions, or max skew assignments found ;
; test_crc16[0]  ; No output delay, min/max delays, false-path exceptions, or max skew assignments found ;
; test_crc16[1]  ; No output delay, min/max delays, false-path exceptions, or max skew assignments found ;
; test_crc16[2]  ; No output delay, min/max delays, false-path exceptions, or max skew assignments found ;
; test_crc16[3]  ; No output delay, min/max delays, false-path exceptions, or max skew assignments found ;
; test_crc16[4]  ; No output delay, min/max delays, false-path exceptions, or max skew assignments found ;
; test_crc16[5]  ; No output delay, min/max delays, false-path exceptions, or max skew assignments found ;
; test_crc16[6]  ; No output delay, min/max delays, false-path exceptions, or max skew assignments found ;
; test_crc16[7]  ; No output delay, min/max delays, false-path exceptions, or max skew assignments found ;
; test_crc16[8]  ; No output delay, min/max delays, false-path exceptions, or max skew assignments found ;
; test_crc16[9]  ; No output delay, min/max delays, false-path exceptions, or max skew assignments found ;
; test_crc16[10] ; No output delay, min/max delays, false-path exceptions, or max skew assignments found ;
; test_crc16[11] ; No output delay, min/max delays, false-path exceptions, or max skew assignments found ;
; test_crc16[12] ; No output delay, min/max delays, false-path exceptions, or max skew assignments found ;
; test_crc16[13] ; No output delay, min/max delays, false-path exceptions, or max skew assignments found ;
; test_crc16[14] ; No output delay, min/max delays, false-path exceptions, or max skew assignments found ;
; test_crc16[15] ; No output delay, min/max delays, false-path exceptions, or max skew assignments found ;
; we_n           ; No output delay, min/max delays, false-path exceptions, or max skew assignments found ;
+----------------+---------------------------------------------------------------------------------------+


+------------------------------------------------------------------------------------------------------+
; Unconstrained Input Ports                                                                            ;
+---------------+--------------------------------------------------------------------------------------+
; Input Port    ; Comment                                                                              ;
+---------------+--------------------------------------------------------------------------------------+
; changing_mode ; No input delay, min/max delays, false-path exceptions, or max skew assignments found ;
; mode[0]       ; No input delay, min/max delays, false-path exceptions, or max skew assignments found ;
; mode[1]       ; No input delay, min/max delays, false-path exceptions, or max skew assignments found ;
; sdi[0]        ; No input delay, min/max delays, false-path exceptions, or max skew assignments found ;
; sdi[1]        ; No input delay, min/max delays, false-path exceptions, or max skew assignments found ;
; sdi[2]        ; No input delay, min/max delays, false-path exceptions, or max skew assignments found ;
; sdi[3]        ; No input delay, min/max delays, false-path exceptions, or max skew assignments found ;
; sdi[4]        ; No input delay, min/max delays, false-path exceptions, or max skew assignments found ;
; sdi[5]        ; No input delay, min/max delays, false-path exceptions, or max skew assignments found ;
; sreset        ; No input delay, min/max delays, false-path exceptions, or max skew assignments found ;
; start         ; No input delay, min/max delays, false-path exceptions, or max skew assignments found ;
+---------------+--------------------------------------------------------------------------------------+


+--------------------------------------------------------------------------------------------------------+
; Unconstrained Output Ports                                                                             ;
+----------------+---------------------------------------------------------------------------------------+
; Output Port    ; Comment                                                                               ;
+----------------+---------------------------------------------------------------------------------------+
; addr_clr       ; No output delay, min/max delays, false-path exceptions, or max skew assignments found ;
; addr_inc       ; No output delay, min/max delays, false-path exceptions, or max skew assignments found ;
; busy           ; No output delay, min/max delays, false-path exceptions, or max skew assignments found ;
; convst         ; No output delay, min/max delays, false-path exceptions, or max skew assignments found ;
; cs_n           ; No output delay, min/max delays, false-path exceptions, or max skew assignments found ;
; data[0]        ; No output delay, min/max delays, false-path exceptions, or max skew assignments found ;
; data[1]        ; No output delay, min/max delays, false-path exceptions, or max skew assignments found ;
; data[2]        ; No output delay, min/max delays, false-path exceptions, or max skew assignments found ;
; data[3]        ; No output delay, min/max delays, false-path exceptions, or max skew assignments found ;
; data[4]        ; No output delay, min/max delays, false-path exceptions, or max skew assignments found ;
; data[5]        ; No output delay, min/max delays, false-path exceptions, or max skew assignments found ;
; data[6]        ; No output delay, min/max delays, false-path exceptions, or max skew assignments found ;
; data[7]        ; No output delay, min/max delays, false-path exceptions, or max skew assignments found ;
; data_bus_out   ; No output delay, min/max delays, false-path exceptions, or max skew assignments found ;
; sclk_          ; No output delay, min/max delays, false-path exceptions, or max skew assignments found ;
; test_crc16[0]  ; No output delay, min/max delays, false-path exceptions, or max skew assignments found ;
; test_crc16[1]  ; No output delay, min/max delays, false-path exceptions, or max skew assignments found ;
; test_crc16[2]  ; No output delay, min/max delays, false-path exceptions, or max skew assignments found ;
; test_crc16[3]  ; No output delay, min/max delays, false-path exceptions, or max skew assignments found ;
; test_crc16[4]  ; No output delay, min/max delays, false-path exceptions, or max skew assignments found ;
; test_crc16[5]  ; No output delay, min/max delays, false-path exceptions, or max skew assignments found ;
; test_crc16[6]  ; No output delay, min/max delays, false-path exceptions, or max skew assignments found ;
; test_crc16[7]  ; No output delay, min/max delays, false-path exceptions, or max skew assignments found ;
; test_crc16[8]  ; No output delay, min/max delays, false-path exceptions, or max skew assignments found ;
; test_crc16[9]  ; No output delay, min/max delays, false-path exceptions, or max skew assignments found ;
; test_crc16[10] ; No output delay, min/max delays, false-path exceptions, or max skew assignments found ;
; test_crc16[11] ; No output delay, min/max delays, false-path exceptions, or max skew assignments found ;
; test_crc16[12] ; No output delay, min/max delays, false-path exceptions, or max skew assignments found ;
; test_crc16[13] ; No output delay, min/max delays, false-path exceptions, or max skew assignments found ;
; test_crc16[14] ; No output delay, min/max delays, false-path exceptions, or max skew assignments found ;
; test_crc16[15] ; No output delay, min/max delays, false-path exceptions, or max skew assignments found ;
; we_n           ; No output delay, min/max delays, false-path exceptions, or max skew assignments found ;
+----------------+---------------------------------------------------------------------------------------+


+--------------------------+
; Timing Analyzer Messages ;
+--------------------------+
Info: *******************************************************************
Info: Running Quartus Prime Timing Analyzer
    Info: Version 20.1.1 Build 720 11/11/2020 SJ Lite Edition
    Info: Processing started: Thu Apr 22 22:01:54 2021
Info: Command: quartus_sta sensor_buchas -c sensor_buchas
Info: qsta_default_script.tcl version: #1
Warning (18236): Number of processors has not been specified which may cause overloading on shared machines.  Set the global assignment NUM_PARALLEL_PROCESSORS in your QSF to an appropriate value for best performance.
Info (20030): Parallel compilation is enabled and will use 2 of the 2 processors detected
Info (21077): Low junction temperature is 0 degrees C
Info (21077): High junction temperature is 85 degrees C
Info (334003): Started post-fitting delay annotation
Info (334004): Delay annotation completed successfully
Info (332104): Reading SDC File: 'sensor_buchas.sdc'
Warning (332174): Ignored filter at sensor_buchas.sdc(43): host_SCLK could not be matched with a port File: C:/sensorbuchasv2/sensor_buchas.sdc Line: 43
Warning (332049): Ignored create_clock at sensor_buchas.sdc(43): Argument <targets> is an empty collection File: C:/sensorbuchasv2/sensor_buchas.sdc Line: 43
    Info (332050): create_clock -name {host_SCLK} -period 100.000 -waveform { 0.000 50.000 } [get_ports { host_SCLK }] File: C:/sensorbuchasv2/sensor_buchas.sdc Line: 43
Warning (332174): Ignored filter at sensor_buchas.sdc(86): host_SCLK could not be matched with a clock File: C:/sensorbuchasv2/sensor_buchas.sdc Line: 86
Warning (332049): Ignored set_false_path at sensor_buchas.sdc(86): Argument <from> is an empty collection File: C:/sensorbuchasv2/sensor_buchas.sdc Line: 86
    Info (332050): set_false_path  -from  [get_clocks {host_SCLK}]  -to  [get_clocks {clk}] File: C:/sensorbuchasv2/sensor_buchas.sdc Line: 86
Warning (332049): Ignored set_false_path at sensor_buchas.sdc(87): Argument <to> is an empty collection File: C:/sensorbuchasv2/sensor_buchas.sdc Line: 87
    Info (332050): set_false_path  -from  [get_clocks {clk}]  -to  [get_clocks {host_SCLK}] File: C:/sensorbuchasv2/sensor_buchas.sdc Line: 87
Info: Found TIMING_ANALYZER_REPORT_SCRIPT_INCLUDE_DEFAULT_ANALYSIS = ON
Info: Can't run Report Timing Closure Recommendations. The current device family is not supported.
Critical Warning (332148): Timing requirements not met
Info (332146): Worst-case setup slack is -1.420
    Info (332119):     Slack       End Point TNS Clock 
    Info (332119): ========= =================== =====================
    Info (332119):    -1.420             -13.391 clk 
Info (332146): Worst-case hold slack is 1.375
    Info (332119):     Slack       End Point TNS Clock 
    Info (332119): ========= =================== =====================
    Info (332119):     1.375               0.000 clk 
Info (332146): Worst-case recovery slack is 2.763
    Info (332119):     Slack       End Point TNS Clock 
    Info (332119): ========= =================== =====================
    Info (332119):     2.763               0.000 clk 
Info (332146): Worst-case removal slack is 5.590
    Info (332119):     Slack       End Point TNS Clock 
    Info (332119): ========= =================== =====================
    Info (332119):     5.590               0.000 clk 
Info (332146): Worst-case minimum pulse width slack is 4.734
    Info (332119):     Slack       End Point TNS Clock 
    Info (332119): ========= =================== =====================
    Info (332119):     4.734               0.000 clk 
Info (332001): The selected device family is not supported by the report_metastability command.
Info (332102): Design is not fully constrained for setup requirements
Info (332102): Design is not fully constrained for hold requirements
Info: Quartus Prime Timing Analyzer was successful. 0 errors, 7 warnings
    Info: Peak virtual memory: 4663 megabytes
    Info: Processing ended: Thu Apr 22 22:01:56 2021
    Info: Elapsed time: 00:00:02
    Info: Total CPU time (on all processors): 00:00:01


